Component: ARM Compiler 5.05 update 1 (build 106) Tool: armlink [4d0efa]

==============================================================================

Section Cross References

    main.o(.text) refers to _printf_pad.o(.text) for _printf_pre_padding
    main.o(.text) refers to _printf_percent.o(.ARM.Collect$$_printf_percent$$00000000) for _printf_percent
    main.o(.text) refers to _printf_x.o(.ARM.Collect$$_printf_percent$$0000000C) for _printf_x
    main.o(.text) refers to _printf_hex_int.o(.text) for _printf_longlong_hex
    main.o(.text) refers to delay.o(.text) for delay_init
    main.o(.text) refers to misc.o(.text) for NVIC_PriorityGroupConfig
    main.o(.text) refers to usart.o(.text) for uart_init
    main.o(.text) refers to led.o(.text) for LED_Init
    main.o(.text) refers to lcd.o(.text) for LCD_Init
    main.o(.text) refers to timer.o(.text) for TIM3_PWM_Init
    main.o(.text) refers to noretval__2sprintf.o(.text) for __2sprintf
    main.o(.text) refers to ffix.o(x$fpl$ffix) for __aeabi_f2iz
    main.o(.text) refers to fdiv.o(x$fpl$fdiv) for __aeabi_fdiv
    main.o(.text) refers to feqf.o(x$fpl$feqf) for __aeabi_cfcmpeq
    main.o(.text) refers to lcd.o(.data) for POINT_COLOR
    main.o(.text) refers to lcd.o(.bss) for lcddev
    main.o(.text) refers to usart.o(.data) for USART_RX_STA
    main.o(.text) refers to usart.o(.bss) for USART_RX_BUF
    main.o(.text) refers to main.o(.data) for linear_vel_rec
    system_stm32f10x.o(.text) refers to system_stm32f10x.o(.data) for SystemCoreClock
    led.o(.text) refers to stm32f10x_rcc.o(.text) for RCC_APB2PeriphClockCmd
    led.o(.text) refers to stm32f10x_gpio.o(.text) for GPIO_Init
    key.o(.text) refers to stm32f10x_rcc.o(.text) for RCC_APB2PeriphClockCmd
    key.o(.text) refers to stm32f10x_gpio.o(.text) for GPIO_Init
    key.o(.text) refers to delay.o(.text) for delay_ms
    key.o(.text) refers to key.o(.data) for key_up
    lcd.o(.text) refers to _printf_percent.o(.ARM.Collect$$_printf_percent$$00000000) for _printf_percent
    lcd.o(.text) refers to _printf_x.o(.ARM.Collect$$_printf_percent$$0000000C) for _printf_x
    lcd.o(.text) refers to _printf_hex_int.o(.text) for _printf_longlong_hex
    lcd.o(.text) refers to delay.o(.text) for delay_us
    lcd.o(.text) refers to lcd.o(.bss) for lcddev
    lcd.o(.text) refers to lcd.o(.data) for POINT_COLOR
    lcd.o(.text) refers to dflt_clz.o(x$fpl$dfltu) for __aeabi_ui2d
    lcd.o(.text) refers to dmul.o(x$fpl$dmul) for __aeabi_dmul
    lcd.o(.text) refers to dfixu.o(x$fpl$dfixu) for __aeabi_d2uiz
    lcd.o(.text) refers to stm32f10x_rcc.o(.text) for RCC_AHBPeriphClockCmd
    lcd.o(.text) refers to stm32f10x_gpio.o(.text) for GPIO_Init
    lcd.o(.text) refers to stm32f10x_fsmc.o(.text) for FSMC_NORSRAMInit
    lcd.o(.text) refers to noretval__2printf.o(.text) for __2printf
    lcd.o(.text) refers to lcd.o(.constdata) for asc2_1206
    timer.o(.text) refers to stm32f10x_rcc.o(.text) for RCC_APB1PeriphClockCmd
    timer.o(.text) refers to stm32f10x_tim.o(.text) for TIM_TimeBaseInit
    timer.o(.text) refers to misc.o(.text) for NVIC_Init
    timer.o(.text) refers to stm32f10x_gpio.o(.text) for GPIO_PinRemapConfig
    timer.o(.text) refers to f2d.o(x$fpl$f2d) for __aeabi_f2d
    timer.o(.text) refers to dmul.o(x$fpl$dmul) for __aeabi_dmul
    timer.o(.text) refers to daddsub_clz.o(x$fpl$dsub) for __aeabi_dsub
    timer.o(.text) refers to d2f.o(x$fpl$d2f) for __aeabi_d2f
    timer.o(.text) refers to daddsub_clz.o(x$fpl$dadd) for __aeabi_dadd
    timer.o(.text) refers to frleqf.o(x$fpl$frleqf) for __aeabi_cfrcmple
    timer.o(.text) refers to fmul.o(x$fpl$fmul) for __aeabi_fmul
    timer.o(.text) refers to faddsub_clz.o(x$fpl$fadd) for __aeabi_fadd
    timer.o(.text) refers to ffix.o(x$fpl$ffix) for __aeabi_f2iz
    timer.o(.text) refers to fleqf.o(x$fpl$fleqf) for __aeabi_cfcmple
    timer.o(.text) refers to feqf.o(x$fpl$feqf) for __aeabi_cfcmpeq
    timer.o(.text) refers to timer.o(.data) for length
    timer.o(.text) refers to main.o(.data) for chuan_vw
    delay.o(.text) refers to misc.o(.text) for SysTick_CLKSourceConfig
    delay.o(.text) refers to system_stm32f10x.o(.data) for SystemCoreClock
    delay.o(.text) refers to delay.o(.data) for fac_us
    usart.o(.text) refers (Special) to use_no_semi_2.o(.text) for __use_no_semihosting
    usart.o(.text) refers to stm32f10x_rcc.o(.text) for RCC_APB2PeriphClockCmd
    usart.o(.text) refers to stm32f10x_gpio.o(.text) for GPIO_Init
    usart.o(.text) refers to misc.o(.text) for NVIC_Init
    usart.o(.text) refers to stm32f10x_usart.o(.text) for USART_Init
    usart.o(.text) refers to usart.o(.data) for USART_RX_STA
    usart.o(.text) refers to usart.o(.bss) for USART_RX_BUF
    usart.o(.bss) refers (Special) to use_no_semi_2.o(.text) for __use_no_semihosting
    usart.o(.data) refers (Special) to use_no_semi_2.o(.text) for __use_no_semihosting
    startup_stm32f10x_hd.o(STACK) refers (Special) to heapauxi.o(.text) for __use_two_region_memory
[...]
    ../clib/angel/boardlib.s                 0x00000000   Number         0  boardshut.o ABSOLUTE
    ../clib/angel/boardlib.s                 0x00000000   Number         0  boardinit2.o ABSOLUTE
    ../clib/angel/handlers.s                 0x00000000   Number         0  __scatter_zi.o ABSOLUTE
    ../clib/angel/handlers.s                 0x00000000   Number         0  __scatter_copy.o ABSOLUTE
    ../clib/angel/kernel.s                   0x00000000   Number         0  __rtentry4.o ABSOLUTE
    ../clib/angel/kernel.s                   0x00000000   Number         0  rtexit2.o ABSOLUTE
    ../clib/angel/kernel.s                   0x00000000   Number         0  rtexit.o ABSOLUTE
    ../clib/angel/kernel.s                   0x00000000   Number         0  __rtentry2.o ABSOLUTE
    ../clib/angel/kernel.s                   0x00000000   Number         0  __rtentry.o ABSOLUTE
    ../clib/angel/rt.s                       0x00000000   Number         0  rt_raise.o ABSOLUTE
    ../clib/angel/scatter.s                  0x00000000   Number         0  __scatter.o ABSOLUTE
    ../clib/angel/startup.s                  0x00000000   Number         0  __main.o ABSOLUTE
    ../clib/angel/sys.s                      0x00000000   Number         0  use_no_semi.o ABSOLUTE
    ../clib/angel/sys.s                      0x00000000   Number         0  libspace.o ABSOLUTE
    ../clib/angel/sys.s                      0x00000000   Number         0  indicate_semi.o ABSOLUTE
    ../clib/angel/sys.s                      0x00000000   Number         0  sys_stackheap_outer.o ABSOLUTE
    ../clib/angel/sys.s                      0x00000000   Number         0  use_no_semi_2.o ABSOLUTE
    ../clib/angel/sysapp.c                   0x00000000   Number         0  sys_wrch.o ABSOLUTE
    ../clib/angel/sysapp.c                   0x00000000   Number         0  sys_command.o ABSOLUTE
    ../clib/armsys.c                         0x00000000   Number         0  no_argv.o ABSOLUTE
    ../clib/armsys.c                         0x00000000   Number         0  argv_veneer.o ABSOLUTE
    ../clib/armsys.c                         0x00000000   Number         0  argv_veneer.o ABSOLUTE
    ../clib/armsys.c                         0x00000000   Number         0  _get_argv_nomalloc.o ABSOLUTE
    ../clib/heapalloc.c                      0x00000000   Number         0  hrguard.o ABSOLUTE
    ../clib/heapaux.c                        0x00000000   Number         0  heapauxi.o ABSOLUTE
    ../clib/libinit.s                        0x00000000   Number         0  libshutdown.o ABSOLUTE
    ../clib/libinit.s                        0x00000000   Number         0  libinit.o ABSOLUTE
    ../clib/libinit.s                        0x00000000   Number         0  libshutdown2.o ABSOLUTE
    ../clib/libinit.s                        0x00000000   Number         0  libinit2.o ABSOLUTE
    ../clib/misc.s                           0x00000000   Number         0  printf_stubs.o ABSOLUTE
    ../clib/printf.c                         0x00000000   Number         0  _printf_hex_int_ll_ptr.o ABSOLUTE
    ../clib/printf.c                         0x00000000   Number         0  _printf_hex_ll_ptr.o ABSOLUTE
    ../clib/printf.c                         0x00000000   Number         0  _printf_hex_int_ptr.o ABSOLUTE
    ../clib/printf.c                         0x00000000   Number         0  _printf_hex_ptr.o ABSOLUTE
    ../clib/printf.c                         0x00000000   Number         0  _printf_hex_int_ll.o ABSOLUTE
    ../clib/printf.c                         0x00000000   Number         0  _printf_hex_int.o ABSOLUTE
    ../clib/printf.c                         0x00000000   Number         0  _printf_hex_ll.o ABSOLUTE
    ../clib/printf.c                         0x00000000   Number         0  __2printf.o ABSOLUTE
    ../clib/printf.c                         0x00000000   Number         0  _printf_pad.o ABSOLUTE
    ../clib/printf.c                         0x00000000   Number         0  __printf.o ABSOLUTE
    ../clib/printf.c                         0x00000000   Number         0  noretval__2sprintf.o ABSOLUTE
    ../clib/printf.c                         0x00000000   Number         0  __2sprintf.o ABSOLUTE
    ../clib/printf.c                         0x00000000   Number         0  noretval__2printf.o ABSOLUTE
    ../clib/printf.c                         0x00000000   Number         0  __printf_nopercent.o ABSOLUTE
    ../clib/printf.c                         0x00000000   Number         0  __printf_ss_wp.o ABSOLUTE
    ../clib/printf.c                         0x00000000   Number         0  __printf_flags_ss_wp.o ABSOLUTE
    ../clib/printf.c                         0x00000000   Number         0  __printf_flags_wp.o ABSOLUTE
    ../clib/printf.c                         0x00000000   Number         0  __printf_wp.o ABSOLUTE
    ../clib/printf.c                         0x00000000   Number         0  __printf_flags_ss.o ABSOLUTE
    ../clib/printf.c                         0x00000000   Number         0  __printf_ss.o ABSOLUTE
    ../clib/printf.c                         0x00000000   Number         0  _printf_char_file.o ABSOLUTE
    ../clib/printf.c                         0x00000000   Number         0  _sputc.o ABSOLUTE
    ../clib/printf.c                         0x00000000   Number         0  _printf_char_common.o ABSOLUTE
    ../clib/printf.c                         0x00000000   Number         0  _printf_intcommon.o ABSOLUTE
    ../clib/printf.c                         0x00000000   Number         0  __printf_flags.o ABSOLUTE
    ../clib/printf_percent.s                 0x00000000   Number         0  _printf_x.o ABSOLUTE
    ../clib/printf_percent.s                 0x00000000   Number         0  _printf_percent_end.o ABSOLUTE
    ../clib/printf_percent.s                 0x00000000   Number         0  _printf_percent.o ABSOLUTE
    ../clib/signal.c                         0x00000000   Number         0  defsig_pvfn_inner.o ABSOLUTE
    ../clib/signal.c                         0x00000000   Number         0  defsig_cppl_inner.o ABSOLUTE
    ../clib/signal.c                         0x00000000   Number         0  defsig_segv_inner.o ABSOLUTE
    ../clib/signal.c                         0x00000000   Number         0  defsig_other.o ABSOLUTE
    ../clib/signal.c                         0x00000000   Number         0  defsig_rtmem_outer.o ABSOLUTE
    ../clib/signal.c                         0x00000000   Number         0  defsig_rtmem_inner.o ABSOLUTE
    ../clib/signal.c                         0x00000000   Number         0  __raise.o ABSOLUTE
    ../clib/signal.c                         0x00000000   Number         0  defsig_exit.o ABSOLUTE
    ../clib/signal.c                         0x00000000   Number         0  defsig_general.o ABSOLUTE
    ../clib/signal.c                         0x00000000   Number         0  defsig_abrt_inner.o ABSOLUTE
    ../clib/signal.c                         0x00000000   Number         0  defsig_fpe_inner.o ABSOLUTE
    ../clib/signal.c                         0x00000000   Number         0  defsig_rtmem_formal.o ABSOLUTE
    ../clib/signal.c                         0x00000000   Number         0  defsig_rtred_inner.o ABSOLUTE
    ../clib/signal.c                         0x00000000   Number         0  defsig_stak_inner.o ABSOLUTE
    ../clib/signal.s                         0x00000000   Number         0  defsig.o ABSOLUTE
    ../clib/stdio.c                          0x00000000   Number         0  ferror_locked.o ABSOLUTE
    ../clib/stdio.c                          0x00000000   Number         0  ferror.o ABSOLUTE
    ../clib/stdlib.c                         0x00000000   Number         0  exit.o ABSOLUTE
    ../fplib/d2f.s                           0x00000000   Number         0  d2f.o ABSOLUTE
    ../fplib/daddsub.s                       0x00000000   Number         0  daddsub_clz.o ABSOLUTE
    ../fplib/dfixu.s                         0x00000000   Number         0  dfixu.o ABSOLUTE
    ../fplib/dflt.s                          0x00000000   Number         0  dflt_clz.o ABSOLUTE
    ../fplib/dmul.s                          0x00000000   Number         0  dmul.o ABSOLUTE
    ../fplib/dnaninf.s                       0x00000000   Number         0  dnaninf.o ABSOLUTE
    ../fplib/dretinf.s                       0x00000000   Number         0  dretinf.o ABSOLUTE
    ../fplib/f2d.s                           0x00000000   Number         0  f2d.o ABSOLUTE
    ../fplib/faddsub.s                       0x00000000   Number         0  faddsub_clz.o ABSOLUTE
    ../fplib/fcmpi.s                         0x00000000   Number         0  fcmpi.o ABSOLUTE
    ../fplib/fdiv.s                          0x00000000   Number         0  fdiv.o ABSOLUTE
    ../fplib/feqf.s                          0x00000000   Number         0  feqf.o ABSOLUTE
    ../fplib/ffix.s                          0x00000000   Number         0  ffix.o ABSOLUTE
    ../fplib/fleqf.s                         0x00000000   Number         0  fleqf.o ABSOLUTE
    ../fplib/fmul.s                          0x00000000   Number         0  fmul.o ABSOLUTE
    ../fplib/fnaninf.s                       0x00000000   Number         0  fnaninf.o ABSOLUTE
    ../fplib/fpinit.s                        0x00000000   Number         0  fpinit.o ABSOLUTE
    ../fplib/fretinf.s                       0x00000000   Number         0  fretinf.o ABSOLUTE
    ../fplib/frleqf.s                        0x00000000   Number         0  frleqf.o ABSOLUTE
    ../fplib/usenofp.s                       0x00000000   Number         0  usenofp.o ABSOLUTE
    ..\CORE\core_cm3.c                       0x00000000   Number         0  core_cm3.o ABSOLUTE
    ..\CORE\startup_stm32f10x_hd.s           0x00000000   Number         0  startup_stm32f10x_hd.o ABSOLUTE
    ..\HARDWARE\KEY\key.c                    0x00000000   Number         0  key.o ABSOLUTE
    ..\HARDWARE\LCD\lcd.c                    0x00000000   Number         0  lcd.o ABSOLUTE
    ..\HARDWARE\LED\led.c                    0x00000000   Number         0  led.o ABSOLUTE
    ..\HARDWARE\TIMER\timer.c                0x00000000   Number         0  timer.o ABSOLUTE
    ..\STM32F10x_FWLib\src\misc.c            0x00000000   Number         0  misc.o ABSOLUTE
    ..\STM32F10x_FWLib\src\stm32f10x_fsmc.c  0x00000000   Number         0  stm32f10x_fsmc.o ABSOLUTE
    ..\STM32F10x_FWLib\src\stm32f10x_gpio.c  0x00000000   Number         0  stm32f10x_gpio.o ABSOLUTE
    ..\STM32F10x_FWLib\src\stm32f10x_rcc.c   0x00000000   Number         0  stm32f10x_rcc.o ABSOLUTE
    ..\STM32F10x_FWLib\src\stm32f10x_tim.c   0x00000000   Number         0  stm32f10x_tim.o ABSOLUTE
    ..\STM32F10x_FWLib\src\stm32f10x_usart.c 0x00000000   Number         0  stm32f10x_usart.o ABSOLUTE
    ..\SYSTEM\delay\delay.c                  0x00000000   Number         0  delay.o ABSOLUTE
    ..\SYSTEM\sys\sys.c                      0x00000000   Number         0  sys.o ABSOLUTE
    ..\SYSTEM\usart\usart.c                  0x00000000   Number         0  usart.o ABSOLUTE
    ..\\CORE\\core_cm3.c                     0x00000000   Number         0  core_cm3.o ABSOLUTE
    ..\\SYSTEM\\sys\\sys.c                   0x00000000   Number         0  sys.o ABSOLUTE
    dc.s                                     0x00000000   Number         0  dc.o ABSOLUTE
    main.c                                   0x00000000   Number         0  main.o ABSOLUTE
    stm32f10x_it.c                           0x00000000   Number         0  stm32f10x_it.o ABSOLUTE
    system_stm32f10x.c                       0x00000000   Number         0  system_stm32f10x.o ABSOLUTE
    RESET                                    0x08000000   Section      304  startup_stm32f10x_hd.o(RESET)
    !!!main                                  0x08000130   Section        8  __main.o(!!!main)
    !!!scatter                               0x08000138   Section       52  __scatter.o(!!!scatter)
    !!handler_copy                           0x0800016c   Section       26  __scatter_copy.o(!!handler_copy)
    !!handler_zi                             0x08000188   Section       28  __scatter_zi.o(!!handler_zi)
    .ARM.Collect$$_printf_percent$$00000000  0x080001a4   Section        0  _printf_percent.o(.ARM.Collect$$_printf_percent$$00000000)
    .ARM.Collect$$_printf_percent$$0000000C  0x080001a4   Section        6  _printf_x.o(.ARM.Collect$$_printf_percent$$0000000C)
    .ARM.Collect$$_printf_percent$$00000017  0x080001aa   Section        4  _printf_percent_end.o(.ARM.Collect$$_printf_percent$$00000017)
    .ARM.Collect$$libinit$$00000000          0x080001ae   Section        2  libinit.o(.ARM.Collect$$libinit$$00000000)
    .ARM.Collect$$libinit$$00000002          0x080001b0   Section        0  libinit2.o(.ARM.Collect$$libinit$$00000002)
    .ARM.Collect$$libinit$$00000004          0x080001b0   Section        0  libinit2.o(.ARM.Collect$$libinit$$00000004)
    .ARM.Collect$$libinit$$0000000A          0x080001b0   Section        0  libinit2.o(.ARM.Collect$$libinit$$0000000A)
    .ARM.Collect$$libinit$$0000000C          0x080001b0   Section        0  libinit2.o(.ARM.Collect$$libinit$$0000000C)
    .ARM.Collect$$libinit$$0000000E          0x080001b0   Section        0  libinit2.o(.ARM.Collect$$libinit$$0000000E)
    .ARM.Collect$$libinit$$00000011          0x080001b0   Section        0  libinit2.o(.ARM.Collect$$libinit$$00000011)
    .ARM.Collect$$libinit$$00000013          0x080001b0   Section        0  libinit2.o(.ARM.Collect$$libinit$$00000013)
    .ARM.Collect$$libinit$$00000015          0x080001b0   Section        0  libinit2.o(.ARM.Collect$$libinit$$00000015)
    .ARM.Collect$$libinit$$00000017          0x080001b0   Section        0  libinit2.o(.ARM.Collect$$libinit$$00000017)
    .ARM.Collect$$libinit$$00000019          0x080001b0   Section        0  libinit2.o(.ARM.Collect$$libinit$$00000019)
    .ARM.Collect$$libinit$$0000001B          0x080001b0   Section        0  libinit2.o(.ARM.Collect$$libinit$$0000001B)
    .ARM.Collect$$libinit$$0000001D          0x080001b0   Section        0  libinit2.o(.ARM.Collect$$libinit$$0000001D)
    .ARM.Collect$$libinit$$0000001F          0x080001b0   Section        0  libinit2.o(.ARM.Collect$$libinit$$0000001F)
    .ARM.Collect$$libinit$$00000021          0x080001b0   Section        0  libinit2.o(.ARM.Collect$$libinit$$00000021)
    .ARM.Collect$$libinit$$00000023          0x080001b0   Section        0  libinit2.o(.ARM.Collect$$libinit$$00000023)
    .ARM.Collect$$libinit$$00000025          0x080001b0   Section        0  libinit2.o(.ARM.Collect$$libinit$$00000025)
    .ARM.Collect$$libinit$$0000002C          0x080001b0   Section        0  libinit2.o(.ARM.Collect$$libinit$$0000002C)
    .ARM.Collect$$libinit$$0000002E          0x080001b0   Section        0  libinit2.o(.ARM.Collect$$libinit$$0000002E)
    .ARM.Collect$$libinit$$00000030          0x080001b0   Section        0  libinit2.o(.ARM.Collect$$libinit$$00000030)
    .ARM.Collect$$libinit$$00000032          0x080001b0   Section        0  libinit2.o(.ARM.Collect$$libinit$$00000032)
    .ARM.Collect$$libinit$$00000033          0x080001b0   Section        2  libinit2.o(.ARM.Collect$$libinit$$00000033)
    .ARM.Collect$$libshutdown$$00000000      0x080001b2   Section        2  libshutdown.o(.ARM.Collect$$libshutdown$$00000000)
    .ARM.Collect$$libshutdown$$00000003      0x080001b4   Section        0  libshutdown2.o(.ARM.Collect$$libshutdown$$00000003)
    .ARM.Collect$$libshutdown$$00000006      0x080001b4   Section        0  libshutdown2.o(.ARM.Collect$$libshutdown$$00000006)
    .ARM.Collect$$libshutdown$$00000009      0x080001b4   Section        0  libshutdown2.o(.ARM.Collect$$libshutdown$$00000009)
    .ARM.Collect$$libshutdown$$0000000B      0x080001b4   Section        0  libshutdown2.o(.ARM.Collect$$libshutdown$$0000000B)
    .ARM.Collect$$libshutdown$$0000000E      0x080001b4   Section        0  libshutdown2.o(.ARM.Collect$$libshutdown$$0000000E)
    .ARM.Collect$$libshutdown$$0000000F      0x080001b4   Section        2  libshutdown2.o(.ARM.Collect$$libshutdown$$0000000F)
    .ARM.Collect$$rtentry$$00000000          0x080001b6   Section        0  __rtentry.o(.ARM.Collect$$rtentry$$00000000)
    .ARM.Collect$$rtentry$$00000002          0x080001b6   Section        0  __rtentry2.o(.ARM.Collect$$rtentry$$00000002)
    .ARM.Collect$$rtentry$$00000004          0x080001b6   Section        6  __rtentry4.o(.ARM.Collect$$rtentry$$00000004)
    .ARM.Collect$$rtentry$$00000009          0x080001bc   Section        0  __rtentry2.o(.ARM.Collect$$rtentry$$00000009)
    .ARM.Collect$$rtentry$$0000000A          0x080001bc   Section        4  __rtentry2.o(.ARM.Collect$$rtentry$$0000000A)
    .ARM.Collect$$rtentry$$0000000C          0x080001c0   Section        0  __rtentry2.o(.ARM.Collect$$rtentry$$0000000C)
    .ARM.Collect$$rtentry$$0000000D          0x080001c0   Section        8  __rtentry2.o(.ARM.Collect$$rtentry$$0000000D)
    .ARM.Collect$$rtexit$$00000000           0x080001c8   Section        2  rtexit.o(.ARM.Collect$$rtexit$$00000000)
    .ARM.Collect$$rtexit$$00000002           0x080001ca   Section        0  rtexit2.o(.ARM.Collect$$rtexit$$00000002)
    .ARM.Collect$$rtexit$$00000003           0x080001ca   Section        4  rtexit2.o(.ARM.Collect$$rtexit$$00000003)
    .ARM.Collect$$rtexit$$00000004           0x080001ce   Section        6  rtexit2.o(.ARM.Collect$$rtexit$$00000004)
    .text                                    0x080001d4   Section        0  main.o(.text)
    .text                                    0x080004ac   Section        0  stm32f10x_it.o(.text)
    .text                                    0x080004c8   Section        0  system_stm32f10x.o(.text)
    SetSysClockTo72                          0x080004c9   Thumb Code   214  system_stm32f10x.o(.text)
    SetSysClock                              0x0800059f   Thumb Code     8  system_stm32f10x.o(.text)
    .text                                    0x080006a8   Section        0  led.o(.text)
    .text                                    0x080006f4   Section        0  lcd.o(.text)
    .text                                    0x080051a8   Section        0  timer.o(.text)
    .text                                    0x080055b0   Section        0  delay.o(.text)
    .text                                    0x08005684   Section        0  usart.o(.text)
    .text                                    0x080057c4   Section       64  startup_stm32f10x_hd.o(.text)
    .text                                    0x08005804   Section        0  misc.o(.text)
    .text                                    0x080058e0   Section        0  stm32f10x_fsmc.o(.text)
    .text                                    0x08005eec   Section        0  stm32f10x_gpio.o(.text)
    .text                                    0x08006248   Section        0  stm32f10x_rcc.o(.text)
    .text                                    0x080065ec   Section        0  stm32f10x_usart.o(.text)
    .text                                    0x080069f4   Section        0  stm32f10x_tim.o(.text)
    TI4_Config                               0x08006e9b   Thumb Code   130  stm32f10x_tim.o(.text)
    TI3_Config                               0x08006f2f   Thumb Code   122  stm32f10x_tim.o(.text)
    TI2_Config                               0x08006fc3   Thumb Code   130  stm32f10x_tim.o(.text)
    TI1_Config                               0x08007057   Thumb Code   108  stm32f10x_tim.o(.text)
    .text                                    0x0800780e   Section        2  use_no_semi_2.o(.text)
    .text                                    0x08007810   Section        0  noretval__2printf.o(.text)
    .text                                    0x08007828   Section        0  noretval__2sprintf.o(.text)
    .text                                    0x08007850   Section        0  _printf_pad.o(.text)
    .text                                    0x080078a0   Section        0  _printf_hex_int.o(.text)
    .text                                    0x080078f8   Section        0  __printf_flags_wp.o(.text)
    .text                                    0x08007a30   Section        0  heapauxi.o(.text)
    .text                                    0x08007a36   Section        2  use_no_semi.o(.text)
    .text                                    0x08007a38   Section        0  _printf_intcommon.o(.text)
    .text                                    0x08007aec   Section        0  _printf_char_common.o(.text)
    _printf_input_char                       0x08007aed   Thumb Code    10  _printf_char_common.o(.text)
    .text                                    0x08007b1c   Section        0  _sputc.o(.text)
    .text                                    0x08007b28   Section        0  _printf_char_file.o(.text)
    .text                                    0x08007b4c   Section        0  ferror.o(.text)
    .text                                    0x08007b54   Section       74  sys_stackheap_outer.o(.text)
    .text                                    0x08007b9e   Section        0  exit.o(.text)
    .text                                    0x08007bac   Section        8  libspace.o(.text)
    i._is_digit                              0x08007bb4   Section        0  __printf_wp.o(i._is_digit)
    x$fpl$d2f                                0x08007bc4   Section       98  d2f.o(x$fpl$d2f)
    x$fpl$dadd                               0x08007c28   Section      336  daddsub_clz.o(x$fpl$dadd)
    _dadd1                                   0x08007c39   Thumb Code     0  daddsub_clz.o(x$fpl$dadd)
    x$fpl$dfixu                              0x08007d78   Section       90  dfixu.o(x$fpl$dfixu)
    x$fpl$dfltu                              0x08007dd2   Section       38  dflt_clz.o(x$fpl$dfltu)
    x$fpl$dmul                               0x08007df8   Section      340  dmul.o(x$fpl$dmul)
    x$fpl$dnaninf                            0x08007f4c   Section      156  dnaninf.o(x$fpl$dnaninf)
    x$fpl$dretinf                            0x08007fe8   Section       12  dretinf.o(x$fpl$dretinf)
    x$fpl$dsub                               0x08007ff4   Section      468  daddsub_clz.o(x$fpl$dsub)
    _dsub1                                   0x08008005   Thumb Code     0  daddsub_clz.o(x$fpl$dsub)
    x$fpl$f2d                                0x080081c8   Section       86  f2d.o(x$fpl$f2d)
    x$fpl$fadd                               0x08008220   Section      196  faddsub_clz.o(x$fpl$fadd)
    _fadd1                                   0x0800822f   Thumb Code     0  faddsub_clz.o(x$fpl$fadd)
    x$fpl$fcmpinf                            0x080082e4   Section       24  fcmpi.o(x$fpl$fcmpinf)
    x$fpl$fdiv                               0x080082fc   Section      388  fdiv.o(x$fpl$fdiv)
    _fdiv1                                   0x080082fd   Thumb Code     0  fdiv.o(x$fpl$fdiv)
    x$fpl$feqf                               0x08008480   Section      104  feqf.o(x$fpl$feqf)
    x$fpl$ffix                               0x080084e8   Section       54  ffix.o(x$fpl$ffix)
    x$fpl$fleqf                              0x08008520   Section      104  fleqf.o(x$fpl$fleqf)
    x$fpl$fmul                               0x08008588   Section      258  fmul.o(x$fpl$fmul)
    x$fpl$fnaninf                            0x0800868a   Section      140  fnaninf.o(x$fpl$fnaninf)
    x$fpl$fretinf                            0x08008716   Section       10  fretinf.o(x$fpl$fretinf)
    x$fpl$frleqf                             0x08008720   Section       98  frleqf.o(x$fpl$frleqf)
    x$fpl$fsub                               0x08008784   Section      234  faddsub_clz.o(x$fpl$fsub)
    _fsub1                                   0x08008793   Thumb Code     0  faddsub_clz.o(x$fpl$fsub)
    .constdata                               0x0800886e   Section     6080  lcd.o(.constdata)
    x$fpl$usenofp                            0x0800886e   Section        0  usenofp.o(x$fpl$usenofp)
    .constdata                               0x0800a02e   Section       40  _printf_hex_int.o(.constdata)
    uc_hextab                                0x0800a02e   Data          20  _printf_hex_int.o(.constdata)
    lc_hextab                                0x0800a042   Data          20  _printf_hex_int.o(.constdata)
    .constdata                               0x0800a056   Section       17  __printf_flags_wp.o(.constdata)
    maptable                                 0x0800a056   Data          17  __printf_flags_wp.o(.constdata)
    .data                                    0x20000000   Section       21  main.o(.data)
    .data                                    0x20000018   Section       20  system_stm32f10x.o(.data)
    .data                                    0x2000002c   Section        4  lcd.o(.data)
    .data                                    0x20000030   Section       22  timer.o(.data)
    .data                                    0x20000046   Section        4  delay.o(.data)
    fac_us                                   0x20000046   Data           1  delay.o(.data)
    fac_ms                                   0x20000048   Data           2  delay.o(.data)
    .data                                    0x2000004c   Section        6  usart.o(.data)
    .data                                    0x20000052   Section       20  stm32f10x_rcc.o(.data)
    APBAHBPrescTable                         0x20000052   Data          16  stm32f10x_rcc.o(.data)
    ADCPrescTable                            0x20000062   Data           4  stm32f10x_rcc.o(.data)
    .bss                                     0x20000068   Section       14  lcd.o(.bss)
    .bss                                     0x20000076   Section      200  usart.o(.bss)
    .bss                                     0x20000140   Section       96  libspace.o(.bss)
    HEAP                                     0x200001a0   Section      512  startup_stm32f10x_hd.o(HEAP)
    Heap_Mem                                 0x200001a0   Data         512  startup_stm32f10x_hd.o(HEAP)
    STACK                                    0x200003a0   Section     1024  startup_stm32f10x_hd.o(STACK)
    Stack_Mem                                0x200003a0   Data        1024  startup_stm32f10x_hd.o(STACK)
    __initial_sp                             0x200007a0   Data           0  startup_stm32f10x_hd.o(STACK)

    Global Symbols

    Symbol Name                              Value     Ov Type        Size  Object(Section)

    BuildAttributes$$THM_ISAv4$P$D$K$B$S$PE$A:L22UL41UL21$X:L11$S22US41US21$IEEE1$IW$USESV6$~STKCKD$USESV7$~SHL$OSPACE$ROPI$EBA8$UX$STANDARDLIB$REQ8$PRES8$EABIv2 0x00000000   Number         0  anon$$obj.o ABSOLUTE
    __ARM_use_no_argv                        0x00000000   Number         0  main.o ABSOLUTE
    _printf_flags                            0x00000000   Number         0  printf_stubs.o ABSOLUTE
    _printf_return_value                     0x00000000   Number         0  printf_stubs.o ABSOLUTE
    _printf_sizespec                         0x00000000   Number         0  printf_stubs.o ABSOLUTE
    _printf_widthprec                        0x00000000   Number         0  printf_stubs.o ABSOLUTE
    __ARM_exceptions_init                     - Undefined Weak Reference
    __alloca_initialize                       - Undefined Weak Reference
    __arm_preinit_                            - Undefined Weak Reference
    __cpp_initialize__aeabi_                  - Undefined Weak Reference
    __cxa_finalize                            - Undefined Weak Reference
    __rt_locale                               - Undefined Weak Reference
    __sigvec_lookup                           - Undefined Weak Reference
    _atexit_init                              - Undefined Weak Reference
    _call_atexit_fns                          - Undefined Weak Reference
    _clock_init                               - Undefined Weak Reference
    _fp_trap_init                             - Undefined Weak Reference
    _fp_trap_shutdown                         - Undefined Weak Reference
    _get_lc_collate                           - Undefined Weak Reference
    _get_lc_ctype                             - Undefined Weak Reference
    _get_lc_monetary                          - Undefined Weak Reference
    _get_lc_numeric                           - Undefined Weak Reference
    _get_lc_time                              - Undefined Weak Reference
    _getenv_init                              - Undefined Weak Reference
    _handle_redirection                       - Undefined Weak Reference
    _init_alloc                               - Undefined Weak Reference
    _init_user_alloc                          - Undefined Weak Reference
    _initio                                   - Undefined Weak Reference
    _mutex_acquire                            - Undefined Weak Reference
    _mutex_release                            - Undefined Weak Reference
    _printf_truncate_unsigned                 - Undefined Weak Reference
    _rand_init                                - Undefined Weak Reference
    _signal_finish                            - Undefined Weak Reference
    _signal_init                              - Undefined Weak Reference
    _terminate_alloc                          - Undefined Weak Reference
    _terminate_user_alloc                     - Undefined Weak Reference
    _terminateio                              - Undefined Weak Reference
    __Vectors_Size                           0x00000130   Number         0  startup_stm32f10x_hd.o ABSOLUTE
    __Vectors                                0x08000000   Data           4  startup_stm32f10x_hd.o(RESET)
    __Vectors_End                            0x08000130   Data           0  startup_stm32f10x_hd.o(RESET)
    __main                                   0x08000131   Thumb Code     8  __main.o(!!!main)
    __scatterload                            0x08000139   Thumb Code     0  __scatter.o(!!!scatter)
    __scatterload_rt2                        0x08000139   Thumb Code    44  __scatter.o(!!!scatter)
    __scatterload_rt2_thumb_only             0x08000139   Thumb Code     0  __scatter.o(!!!scatter)
    __scatterload_null                       0x08000147   Thumb Code     0  __scatter.o(!!!scatter)
    __scatterload_copy                       0x0800016d   Thumb Code    26  __scatter_copy.o(!!handler_copy)
    __scatterload_zeroinit                   0x08000189   Thumb Code    28  __scatter_zi.o(!!handler_zi)
    _printf_percent                          0x080001a5   Thumb Code     0  _printf_percent.o(.ARM.Collect$$_printf_percent$$00000000)
    _printf_x                                0x080001a5   Thumb Code     0  _printf_x.o(.ARM.Collect$$_printf_percent$$0000000C)
    _printf_percent_end                      0x080001ab   Thumb Code     0  _printf_percent_end.o(.ARM.Collect$$_printf_percent$$00000017)
    __rt_lib_init                            0x080001af   Thumb Code     0  libinit.o(.ARM.Collect$$libinit$$00000000)
    __rt_lib_init_alloca_1                   0x080001b1   Thumb Code     0  libinit2.o(.ARM.Collect$$libinit$$0000002E)
    __rt_lib_init_argv_1                     0x080001b1   Thumb Code     0  libinit2.o(.ARM.Collect$$libinit$$0000002C)
    __rt_lib_init_atexit_1                   0x080001b1   Thumb Code     0  libinit2.o(.ARM.Collect$$libinit$$0000001B)
    __rt_lib_init_clock_1                    0x080001b1   Thumb Code     0  libinit2.o(.ARM.Collect$$libinit$$00000021)
    __rt_lib_init_cpp_1                      0x080001b1   Thumb Code     0  libinit2.o(.ARM.Collect$$libinit$$00000032)
    __rt_lib_init_exceptions_1               0x080001b1   Thumb Code     0  libinit2.o(.ARM.Collect$$libinit$$00000030)
    __rt_lib_init_fp_1                       0x080001b1   Thumb Code     0  libinit2.o(.ARM.Collect$$libinit$$00000002)
    __rt_lib_init_fp_trap_1                  0x080001b1   Thumb Code     0  libinit2.o(.ARM.Collect$$libinit$$0000001F)
    __rt_lib_init_getenv_1                   0x080001b1   Thumb Code     0  libinit2.o(.ARM.Collect$$libinit$$00000023)
    __rt_lib_init_heap_1                     0x080001b1   Thumb Code     0  libinit2.o(.ARM.Collect$$libinit$$0000000A)
    __rt_lib_init_lc_collate_1               0x080001b1   Thumb Code     0  libinit2.o(.ARM.Collect$$libinit$$00000011)
    __rt_lib_init_lc_ctype_1                 0x080001b1   Thumb Code     0  libinit2.o(.ARM.Collect$$libinit$$00000013)
    __rt_lib_init_lc_monetary_1              0x080001b1   Thumb Code     0  libinit2.o(.ARM.Collect$$libinit$$00000015)
    __rt_lib_init_lc_numeric_1               0x080001b1   Thumb Code     0  libinit2.o(.ARM.Collect$$libinit$$00000017)
    __rt_lib_init_lc_time_1                  0x080001b1   Thumb Code     0  libinit2.o(.ARM.Collect$$libinit$$00000019)
    __rt_lib_init_preinit_1                  0x080001b1   Thumb Code     0  libinit2.o(.ARM.Collect$$libinit$$00000004)
    __rt_lib_init_rand_1                     0x080001b1   Thumb Code     0  libinit2.o(.ARM.Collect$$libinit$$0000000E)
    __rt_lib_init_return                     0x080001b1   Thumb Code     0  libinit2.o(.ARM.Collect$$libinit$$00000033)
    __rt_lib_init_signal_1                   0x080001b1   Thumb Code     0  libinit2.o(.ARM.Collect$$libinit$$0000001D)
    __rt_lib_init_stdio_1                    0x080001b1   Thumb Code     0  libinit2.o(.ARM.Collect$$libinit$$00000025)
    __rt_lib_init_user_alloc_1               0x080001b1   Thumb Code     0  libinit2.o(.ARM.Collect$$libinit$$0000000C)
    __rt_lib_shutdown                        0x080001b3   Thumb Code     0  libshutdown.o(.ARM.Collect$$libshutdown$$00000000)
    __rt_lib_shutdown_fp_trap_1              0x080001b5   Thumb Code     0  libshutdown2.o(.ARM.Collect$$libshutdown$$00000006)
    __rt_lib_shutdown_heap_1                 0x080001b5   Thumb Code     0  libshutdown2.o(.ARM.Collect$$libshutdown$$0000000E)
    __rt_lib_shutdown_return                 0x080001b5   Thumb Code     0  libshutdown2.o(.ARM.Collect$$libshutdown$$0000000F)
    __rt_lib_shutdown_signal_1               0x080001b5   Thumb Code     0  libshutdown2.o(.ARM.Collect$$libshutdown$$00000009)
    __rt_lib_shutdown_stdio_1                0x080001b5   Thumb Code     0  libshutdown2.o(.ARM.Collect$$libshutdown$$00000003)
    __rt_lib_shutdown_user_alloc_1           0x080001b5   Thumb Code     0  libshutdown2.o(.ARM.Collect$$libshutdown$$0000000B)
    __rt_entry                               0x080001b7   Thumb Code     0  __rtentry.o(.ARM.Collect$$rtentry$$00000000)
    __rt_entry_presh_1                       0x080001b7   Thumb Code     0  __rtentry2.o(.ARM.Collect$$rtentry$$00000002)
    __rt_entry_sh                            0x080001b7   Thumb Code     0  __rtentry4.o(.ARM.Collect$$rtentry$$00000004)
    __rt_entry_li                            0x080001bd   Thumb Code     0  __rtentry2.o(.ARM.Collect$$rtentry$$0000000A)
    __rt_entry_postsh_1                      0x080001bd   Thumb Code     0  __rtentry2.o(.ARM.Collect$$rtentry$$00000009)
    __rt_entry_main                          0x080001c1   Thumb Code     0  __rtentry2.o(.ARM.Collect$$rtentry$$0000000D)
    __rt_entry_postli_1                      0x080001c1   Thumb Code     0  __rtentry2.o(.ARM.Collect$$rtentry$$0000000C)
    __rt_exit                                0x080001c9   Thumb Code     0  rtexit.o(.ARM.Collect$$rtexit$$00000000)
    __rt_exit_ls                             0x080001cb   Thumb Code     0  rtexit2.o(.ARM.Collect$$rtexit$$00000003)
    __rt_exit_prels_1                        0x080001cb   Thumb Code     0  rtexit2.o(.ARM.Collect$$rtexit$$00000002)
    __rt_exit_exit                           0x080001cf   Thumb Code     0  rtexit2.o(.ARM.Collect$$rtexit$$00000004)
    main                                     0x080001d5   Thumb Code   502  main.o(.text)
    NMI_Handler                              0x080004ad   Thumb Code     2  stm32f10x_it.o(.text)
    HardFault_Handler                        0x080004af   Thumb Code     4  stm32f10x_it.o(.text)
    MemManage_Handler                        0x080004b3   Thumb Code     4  stm32f10x_it.o(.text)
    BusFault_Handler                         0x080004b7   Thumb Code     4  stm32f10x_it.o(.text)
    UsageFault_Handler                       0x080004bb   Thumb Code     4  stm32f10x_it.o(.text)
    SVC_Handler                              0x080004bf   Thumb Code     2  stm32f10x_it.o(.text)
    DebugMon_Handler                         0x080004c1   Thumb Code     2  stm32f10x_it.o(.text)
    PendSV_Handler                           0x080004c3   Thumb Code     2  stm32f10x_it.o(.text)
    SysTick_Handler                          0x080004c5   Thumb Code     2  stm32f10x_it.o(.text)
    SystemInit                               0x080005a7   Thumb Code    78  system_stm32f10x.o(.text)
    SystemCoreClockUpdate                    0x080005f5   Thumb Code   142  system_stm32f10x.o(.text)
    LED_Init                                 0x080006a9   Thumb Code    68  led.o(.text)
    LCD_WR_REG                               0x080006f5   Thumb Code     6  lcd.o(.text)
    LCD_WR_DATA                              0x080006fb   Thumb Code     8  lcd.o(.text)
    LCD_RD_DATA                              0x08000703   Thumb Code    16  lcd.o(.text)
    LCD_WriteReg                             0x08000713   Thumb Code    10  lcd.o(.text)
    LCD_ReadReg                              0x0800071d   Thumb Code    22  lcd.o(.text)
    LCD_WriteRAM_Prepare                     0x08000733   Thumb Code    10  lcd.o(.text)
    LCD_WriteRAM                             0x0800073d   Thumb Code     8  lcd.o(.text)
    LCD_BGR2RGB                              0x08000745   Thumb Code    26  lcd.o(.text)
    opt_delay                                0x0800075f   Thumb Code    14  lcd.o(.text)
    LCD_SetCursor                            0x0800076d   Thumb Code   418  lcd.o(.text)
    LCD_ReadPoint                            0x0800090f   Thumb Code   360  lcd.o(.text)
    LCD_DisplayOn                            0x08000a77   Thumb Code   102  lcd.o(.text)
    LCD_DisplayOff                           0x08000add   Thumb Code    90  lcd.o(.text)
    LCD_Scan_Dir                             0x08000b37   Thumb Code   744  lcd.o(.text)
    LCD_DrawPoint                            0x08000e1f   Thumb Code    28  lcd.o(.text)
    LCD_Fast_DrawPoint                       0x08000e3b   Thumb Code   384  lcd.o(.text)
    LCD_SSD_BackLightSet                     0x08000fbb   Thumb Code    80  lcd.o(.text)
    LCD_Display_Dir                          0x0800100b   Thumb Code   444  lcd.o(.text)
    LCD_Set_Window                           0x080011c7   Thumb Code   540  lcd.o(.text)
    LCD_Clear                                0x080013e3   Thumb Code   100  lcd.o(.text)
    LCD_Init                                 0x08001447   Thumb Code 14184  lcd.o(.text)
    LCD_Fill                                 0x08004baf   Thumb Code   178  lcd.o(.text)
    LCD_Color_Fill                           0x08004c61   Thumb Code   106  lcd.o(.text)
    LCD_DrawLine                             0x08004ccb   Thumb Code   176  lcd.o(.text)
    LCD_DrawRectangle                        0x08004d7b   Thumb Code    60  lcd.o(.text)
    LCD_Draw_Circle                          0x08004db7   Thumb Code   152  lcd.o(.text)
    LCD_ShowChar                             0x08004e4f   Thumb Code   272  lcd.o(.text)
    LCD_Pow                                  0x08004f5f   Thumb Code    22  lcd.o(.text)
    LCD_ShowNum                              0x08004f75   Thumb Code   148  lcd.o(.text)
    LCD_ShowxNum                             0x08005009   Thumb Code   220  lcd.o(.text)
    LCD_ShowString                           0x080050e5   Thumb Code   102  lcd.o(.text)
    LCD_ShowxNum_int                         0x0800514b   Thumb Code    90  lcd.o(.text)
    TIM3_Int_Init                            0x080051a9   Thumb Code    90  timer.o(.text)
    TIM3_IRQHandler                          0x08005203   Thumb Code     2  timer.o(.text)
    TIM3_PWM_Init                            0x08005205   Thumb Code   198  timer.o(.text)
    TIM2_Int_Init                            0x080052cb   Thumb Code    90  timer.o(.text)
    go                                       0x08005325   Thumb Code   492  timer.o(.text)
    TIM2_IRQHandler                          0x08005511   Thumb Code    88  timer.o(.text)
    delay_init                               0x080055b1   Thumb Code    50  delay.o(.text)
    delay_us                                 0x080055e3   Thumb Code    72  delay.o(.text)
    delay_ms                                 0x0800562b   Thumb Code    72  delay.o(.text)
    _sys_exit                                0x08005685   Thumb Code     6  usart.o(.text)
    fputc                                    0x0800568b   Thumb Code    24  usart.o(.text)
    uart_init                                0x080056a3   Thumb Code   152  usart.o(.text)
    USART1_IRQHandler                        0x0800573b   Thumb Code   122  usart.o(.text)
    Reset_Handler                            0x080057c5   Thumb Code     8  startup_stm32f10x_hd.o(.text)
    ADC1_2_IRQHandler                        0x080057df   Thumb Code     0  startup_stm32f10x_hd.o(.text)
    ADC3_IRQHandler                          0x080057df   Thumb Code     0  startup_stm32f10x_hd.o(.text)
    CAN1_RX1_IRQHandler                      0x080057df   Thumb Code     0  startup_stm32f10x_hd.o(.text)
    CAN1_SCE_IRQHandler                      0x080057df   Thumb Code     0  startup_stm32f10x_hd.o(.text)
    DMA1_Channel1_IRQHandler                 0x080057df   Thumb Code     0  startup_stm32f10x_hd.o(.text)
    DMA1_Channel2_IRQHandler                 0x080057df   Thumb Code     0  startup_stm32f10x_hd.o(.text)
    DMA1_Channel3_IRQHandler                 0x080057df   Thumb Code     0  startup_stm32f10x_hd.o(.text)
    DMA1_Channel4_IRQHandler                 0x080057df   Thumb Code     0  startup_stm32f10x_hd.o(.text)
    DMA1_Channel5_IRQHandler                 0x080057df   Thumb Code     0  startup_stm32f10x_hd.o(.text)
    DMA1_Channel6_IRQHandler                 0x080057df   Thumb Code     0  startup_stm32f10x_hd.o(.text)
    DMA1_Channel7_IRQHandler                 0x080057df   Thumb Code     0  startup_stm32f10x_hd.o(.text)
    DMA2_Channel1_IRQHandler                 0x080057df   Thumb Code     0  startup_stm32f10x_hd.o(.text)
    DMA2_Channel2_IRQHandler                 0x080057df   Thumb Code     0  startup_stm32f10x_hd.o(.text)
    DMA2_Channel3_IRQHandler                 0x080057df   Thumb Code     0  startup_stm32f10x_hd.o(.text)
    DMA2_Channel4_5_IRQHandler               0x080057df   Thumb Code     0  startup_stm32f10x_hd.o(.text)
    EXTI0_IRQHandler                         0x080057df   Thumb Code     0  startup_stm32f10x_hd.o(.text)
    EXTI15_10_IRQHandler                     0x080057df   Thumb Code     0  startup_stm32f10x_hd.o(.text)
    EXTI1_IRQHandler                         0x080057df   Thumb Code     0  startup_stm32f10x_hd.o(.text)
    EXTI2_IRQHandler                         0x080057df   Thumb Code     0  startup_stm32f10x_hd.o(.text)
    EXTI3_IRQHandler                         0x080057df   Thumb Code     0  startup_stm32f10x_hd.o(.text)
    EXTI4_IRQHandler                         0x080057df   Thumb Code     0  startup_stm32f10x_hd.o(.text)
    EXTI9_5_IRQHandler                       0x080057df   Thumb Code     0  startup_stm32f10x_hd.o(.text)
    FLASH_IRQHandler                         0x080057df   Thumb Code     0  startup_stm32f10x_hd.o(.text)
    FSMC_IRQHandler                          0x080057df   Thumb Code     0  startup_stm32f10x_hd.o(.text)
    I2C1_ER_IRQHandler                       0x080057df   Thumb Code     0  startup_stm32f10x_hd.o(.text)
    I2C1_EV_IRQHandler                       0x080057df   Thumb Code     0  startup_stm32f10x_hd.o(.text)
    I2C2_ER_IRQHandler                       0x080057df   Thumb Code     0  startup_stm32f10x_hd.o(.text)
    I2C2_EV_IRQHandler                       0x080057df   Thumb Code     0  startup_stm32f10x_hd.o(.text)
    PVD_IRQHandler                           0x080057df   Thumb Code     0  startup_stm32f10x_hd.o(.text)
    RCC_IRQHandler                           0x080057df   Thumb Code     0  startup_stm32f10x_hd.o(.text)
    RTCAlarm_IRQHandler                      0x080057df   Thumb Code     0  startup_stm32f10x_hd.o(.text)
    RTC_IRQHandler                           0x080057df   Thumb Code     0  startup_stm32f10x_hd.o(.text)
    SDIO_IRQHandler                          0x080057df   Thumb Code     0  startup_stm32f10x_hd.o(.text)
    SPI1_IRQHandler                          0x080057df   Thumb Code     0  startup_stm32f10x_hd.o(.text)
    SPI2_IRQHandler                          0x080057df   Thumb Code     0  startup_stm32f10x_hd.o(.text)
    SPI3_IRQHandler                          0x080057df   Thumb Code     0  startup_stm32f10x_hd.o(.text)
    TAMPER_IRQHandler                        0x080057df   Thumb Code     0  startup_stm32f10x_hd.o(.text)
    TIM1_BRK_IRQHandler                      0x080057df   Thumb Code     0  startup_stm32f10x_hd.o(.text)
    TIM1_CC_IRQHandler                       0x080057df   Thumb Code     0  startup_stm32f10x_hd.o(.text)
    TIM1_TRG_COM_IRQHandler                  0x080057df   Thumb Code     0  startup_stm32f10x_hd.o(.text)
    TIM1_UP_IRQHandler                       0x080057df   Thumb Code     0  startup_stm32f10x_hd.o(.text)
    TIM4_IRQHandler                          0x080057df   Thumb Code     0  startup_stm32f10x_hd.o(.text)
    TIM5_IRQHandler                          0x080057df   Thumb Code     0  startup_stm32f10x_hd.o(.text)
    TIM6_IRQHandler                          0x080057df   Thumb Code     0  startup_stm32f10x_hd.o(.text)
    TIM7_IRQHandler                          0x080057df   Thumb Code     0  startup_stm32f10x_hd.o(.text)
    TIM8_BRK_IRQHandler                      0x080057df   Thumb Code     0  startup_stm32f10x_hd.o(.text)
    TIM8_CC_IRQHandler                       0x080057df   Thumb Code     0  startup_stm32f10x_hd.o(.text)
    TIM8_TRG_COM_IRQHandler                  0x080057df   Thumb Code     0  startup_stm32f10x_hd.o(.text)
    TIM8_UP_IRQHandler                       0x080057df   Thumb Code     0  startup_stm32f10x_hd.o(.text)
    UART4_IRQHandler                         0x080057df   Thumb Code     0  startup_stm32f10x_hd.o(.text)
    UART5_IRQHandler                         0x080057df   Thumb Code     0  startup_stm32f10x_hd.o(.text)
    USART2_IRQHandler                        0x080057df   Thumb Code     0  startup_stm32f10x_hd.o(.text)
    USART3_IRQHandler                        0x080057df   Thumb Code     0  startup_stm32f10x_hd.o(.text)
    USBWakeUp_IRQHandler                     0x080057df   Thumb Code     0  startup_stm32f10x_hd.o(.text)
    USB_HP_CAN1_TX_IRQHandler                0x080057df   Thumb Code     0  startup_stm32f10x_hd.o(.text)
    USB_LP_CAN1_RX0_IRQHandler               0x080057df   Thumb Code     0  startup_stm32f10x_hd.o(.text)
    WWDG_IRQHandler                          0x080057df   Thumb Code     0  startup_stm32f10x_hd.o(.text)
    __user_initial_stackheap                 0x080057e1   Thumb Code     0  startup_stm32f10x_hd.o(.text)
    NVIC_PriorityGroupConfig                 0x08005805   Thumb Code    10  misc.o(.text)
    NVIC_Init                                0x0800580f   Thumb Code   100  misc.o(.text)
    NVIC_SetVectorTable                      0x08005873   Thumb Code    14  misc.o(.text)
    NVIC_SystemLPConfig                      0x08005881   Thumb Code    34  misc.o(.text)
    SysTick_CLKSourceConfig                  0x080058a3   Thumb Code    40  misc.o(.text)
    FSMC_NORSRAMDeInit                       0x080058e1   Thumb Code    54  stm32f10x_fsmc.o(.text)
    FSMC_NANDDeInit                          0x08005917   Thumb Code    62  stm32f10x_fsmc.o(.text)
    FSMC_PCCARDDeInit                        0x08005955   Thumb Code    36  stm32f10x_fsmc.o(.text)
    FSMC_NORSRAMInit                         0x08005979   Thumb Code   230  stm32f10x_fsmc.o(.text)
    FSMC_NANDInit                            0x08005a5f   Thumb Code   132  stm32f10x_fsmc.o(.text)
    FSMC_PCCARDInit                          0x08005ae3   Thumb Code   130  stm32f10x_fsmc.o(.text)
    FSMC_NORSRAMStructInit                   0x08005b65   Thumb Code   114  stm32f10x_fsmc.o(.text)
    FSMC_NANDStructInit                      0x08005bd7   Thumb Code    54  stm32f10x_fsmc.o(.text)
    FSMC_PCCARDStructInit                    0x08005c0d   Thumb Code    60  stm32f10x_fsmc.o(.text)
    FSMC_NORSRAMCmd                          0x08005c49   Thumb Code    46  stm32f10x_fsmc.o(.text)
    FSMC_NANDCmd                             0x08005c77   Thumb Code    86  stm32f10x_fsmc.o(.text)
    FSMC_PCCARDCmd                           0x08005ccd   Thumb Code    44  stm32f10x_fsmc.o(.text)
    FSMC_NANDECCCmd                          0x08005cf9   Thumb Code    90  stm32f10x_fsmc.o(.text)
    FSMC_GetECC                              0x08005d53   Thumb Code    24  stm32f10x_fsmc.o(.text)
    FSMC_ITConfig                            0x08005d6b   Thumb Code   128  stm32f10x_fsmc.o(.text)
    FSMC_GetFlagStatus                       0x08005deb   Thumb Code    54  stm32f10x_fsmc.o(.text)
    FSMC_ClearFlag                           0x08005e21   Thumb Code    62  stm32f10x_fsmc.o(.text)
    FSMC_GetITStatus                         0x08005e5f   Thumb Code    64  stm32f10x_fsmc.o(.text)
    FSMC_ClearITPendingBit                   0x08005e9f   Thumb Code    68  stm32f10x_fsmc.o(.text)
    GPIO_DeInit                              0x08005eed   Thumb Code   172  stm32f10x_gpio.o(.text)
    GPIO_AFIODeInit                          0x08005f99   Thumb Code    20  stm32f10x_gpio.o(.text)
    GPIO_Init                                0x08005fad   Thumb Code   278  stm32f10x_gpio.o(.text)
    GPIO_StructInit                          0x080060c3   Thumb Code    16  stm32f10x_gpio.o(.text)
    GPIO_ReadInputDataBit                    0x080060d3   Thumb Code    18  stm32f10x_gpio.o(.text)
    GPIO_ReadInputData                       0x080060e5   Thumb Code     8  stm32f10x_gpio.o(.text)
    GPIO_ReadOutputDataBit                   0x080060ed   Thumb Code    18  stm32f10x_gpio.o(.text)
    GPIO_ReadOutputData                      0x080060ff   Thumb Code     8  stm32f10x_gpio.o(.text)
    GPIO_SetBits                             0x08006107   Thumb Code     4  stm32f10x_gpio.o(.text)
    GPIO_ResetBits                           0x0800610b   Thumb Code     4  stm32f10x_gpio.o(.text)
    GPIO_WriteBit                            0x0800610f   Thumb Code    10  stm32f10x_gpio.o(.text)
    GPIO_Write                               0x08006119   Thumb Code     4  stm32f10x_gpio.o(.text)
    GPIO_PinLockConfig                       0x0800611d   Thumb Code    18  stm32f10x_gpio.o(.text)
    GPIO_EventOutputConfig                   0x0800612f   Thumb Code    26  stm32f10x_gpio.o(.text)
    GPIO_EventOutputCmd                      0x08006149   Thumb Code     6  stm32f10x_gpio.o(.text)
    GPIO_PinRemapConfig                      0x0800614f   Thumb Code   138  stm32f10x_gpio.o(.text)
    GPIO_EXTILineConfig                      0x080061d9   Thumb Code    66  stm32f10x_gpio.o(.text)
    GPIO_ETH_MediaInterfaceConfig            0x0800621b   Thumb Code     8  stm32f10x_gpio.o(.text)
    RCC_DeInit                               0x08006249   Thumb Code    64  stm32f10x_rcc.o(.text)
    RCC_HSEConfig                            0x08006289   Thumb Code    70  stm32f10x_rcc.o(.text)
    RCC_GetFlagStatus                        0x080062cf   Thumb Code    56  stm32f10x_rcc.o(.text)
    RCC_WaitForHSEStartUp                    0x08006307   Thumb Code    56  stm32f10x_rcc.o(.text)
    RCC_AdjustHSICalibrationValue            0x0800633f   Thumb Code    20  stm32f10x_rcc.o(.text)
    RCC_HSICmd                               0x08006353   Thumb Code     6  stm32f10x_rcc.o(.text)
    RCC_PLLConfig                            0x08006359   Thumb Code    24  stm32f10x_rcc.o(.text)
    RCC_PLLCmd                               0x08006371   Thumb Code     6  stm32f10x_rcc.o(.text)
    RCC_SYSCLKConfig                         0x08006377   Thumb Code    18  stm32f10x_rcc.o(.text)
    RCC_GetSYSCLKSource                      0x08006389   Thumb Code    10  stm32f10x_rcc.o(.text)
    RCC_HCLKConfig                           0x08006393   Thumb Code    18  stm32f10x_rcc.o(.text)
    RCC_PCLK1Config                          0x080063a5   Thumb Code    18  stm32f10x_rcc.o(.text)
    RCC_PCLK2Config                          0x080063b7   Thumb Code    20  stm32f10x_rcc.o(.text)
    RCC_ITConfig                             0x080063cb   Thumb Code    26  stm32f10x_rcc.o(.text)
    RCC_USBCLKConfig                         0x080063e5   Thumb Code     8  stm32f10x_rcc.o(.text)
    RCC_ADCCLKConfig                         0x080063ed   Thumb Code    18  stm32f10x_rcc.o(.text)
    RCC_LSEConfig                            0x080063ff   Thumb Code    50  stm32f10x_rcc.o(.text)
    RCC_LSICmd                               0x08006431   Thumb Code     6  stm32f10x_rcc.o(.text)
    RCC_RTCCLKConfig                         0x08006437   Thumb Code    12  stm32f10x_rcc.o(.text)
    RCC_RTCCLKCmd                            0x08006443   Thumb Code     8  stm32f10x_rcc.o(.text)
    RCC_GetClocksFreq                        0x0800644b   Thumb Code   192  stm32f10x_rcc.o(.text)
    RCC_AHBPeriphClockCmd                    0x0800650b   Thumb Code    26  stm32f10x_rcc.o(.text)
    RCC_APB2PeriphClockCmd                   0x08006525   Thumb Code    26  stm32f10x_rcc.o(.text)
    RCC_APB1PeriphClockCmd                   0x0800653f   Thumb Code    26  stm32f10x_rcc.o(.text)
    RCC_APB2PeriphResetCmd                   0x08006559   Thumb Code    26  stm32f10x_rcc.o(.text)
    RCC_APB1PeriphResetCmd                   0x08006573   Thumb Code    26  stm32f10x_rcc.o(.text)
    RCC_BackupResetCmd                       0x0800658d   Thumb Code     8  stm32f10x_rcc.o(.text)
    RCC_ClockSecuritySystemCmd               0x08006595   Thumb Code     6  stm32f10x_rcc.o(.text)
    RCC_MCOConfig                            0x0800659b   Thumb Code     6  stm32f10x_rcc.o(.text)
    RCC_ClearFlag                            0x080065a1   Thumb Code    14  stm32f10x_rcc.o(.text)
    RCC_GetITStatus                          0x080065af   Thumb Code    20  stm32f10x_rcc.o(.text)
    RCC_ClearITPendingBit                    0x080065c3   Thumb Code     6  stm32f10x_rcc.o(.text)
    USART_DeInit                             0x080065ed   Thumb Code   134  stm32f10x_usart.o(.text)
    USART_Init                               0x08006673   Thumb Code   210  stm32f10x_usart.o(.text)
    USART_StructInit                         0x08006745   Thumb Code    24  stm32f10x_usart.o(.text)
    USART_ClockInit                          0x0800675d   Thumb Code    34  stm32f10x_usart.o(.text)
    USART_ClockStructInit                    0x0800677f   Thumb Code    12  stm32f10x_usart.o(.text)
    USART_Cmd                                0x0800678b   Thumb Code    24  stm32f10x_usart.o(.text)
    USART_ITConfig                           0x080067a3   Thumb Code    74  stm32f10x_usart.o(.text)
    USART_DMACmd                             0x080067ed   Thumb Code    18  stm32f10x_usart.o(.text)
    USART_SetAddress                         0x080067ff   Thumb Code    18  stm32f10x_usart.o(.text)
    USART_WakeUpConfig                       0x08006811   Thumb Code    18  stm32f10x_usart.o(.text)
    USART_ReceiverWakeUpCmd                  0x08006823   Thumb Code    24  stm32f10x_usart.o(.text)
    USART_LINBreakDetectLengthConfig         0x0800683b   Thumb Code    18  stm32f10x_usart.o(.text)
    USART_LINCmd                             0x0800684d   Thumb Code    24  stm32f10x_usart.o(.text)
    USART_SendData                           0x08006865   Thumb Code     8  stm32f10x_usart.o(.text)
    USART_ReceiveData                        0x0800686d   Thumb Code    10  stm32f10x_usart.o(.text)
    USART_SendBreak                          0x08006877   Thumb Code    10  stm32f10x_usart.o(.text)
    USART_SetGuardTime                       0x08006881   Thumb Code    16  stm32f10x_usart.o(.text)
    USART_SetPrescaler                       0x08006891   Thumb Code    16  stm32f10x_usart.o(.text)
    USART_SmartCardCmd                       0x080068a1   Thumb Code    24  stm32f10x_usart.o(.text)
    USART_SmartCardNACKCmd                   0x080068b9   Thumb Code    24  stm32f10x_usart.o(.text)
    USART_HalfDuplexCmd                      0x080068d1   Thumb Code    24  stm32f10x_usart.o(.text)
    USART_OverSampling8Cmd                   0x080068e9   Thumb Code    22  stm32f10x_usart.o(.text)
    USART_OneBitMethodCmd                    0x080068ff   Thumb Code    24  stm32f10x_usart.o(.text)
    USART_IrDAConfig                         0x08006917   Thumb Code    18  stm32f10x_usart.o(.text)
    USART_IrDACmd                            0x08006929   Thumb Code    24  stm32f10x_usart.o(.text)
    USART_GetFlagStatus                      0x08006941   Thumb Code    26  stm32f10x_usart.o(.text)
    USART_ClearFlag                          0x0800695b   Thumb Code    18  stm32f10x_usart.o(.text)
    USART_GetITStatus                        0x0800696d   Thumb Code    84  stm32f10x_usart.o(.text)
    USART_ClearITPendingBit                  0x080069c1   Thumb Code    52  stm32f10x_usart.o(.text)
    TIM_DeInit                               0x080069f5   Thumb Code   424  stm32f10x_tim.o(.text)
    TIM_TimeBaseInit                         0x08006b9d   Thumb Code   122  stm32f10x_tim.o(.text)
    TIM_OC1Init                              0x08006c17   Thumb Code   132  stm32f10x_tim.o(.text)
    TIM_OC2Init                              0x08006c9b   Thumb Code   154  stm32f10x_tim.o(.text)
    TIM_OC3Init                              0x08006d35   Thumb Code   150  stm32f10x_tim.o(.text)
    TIM_OC4Init                              0x08006dcb   Thumb Code   182  stm32f10x_tim.o(.text)
    TIM_SetIC4Prescaler                      0x08006e81   Thumb Code    26  stm32f10x_tim.o(.text)
    TIM_SetIC3Prescaler                      0x08006f1d   Thumb Code    18  stm32f10x_tim.o(.text)
    TIM_SetIC2Prescaler                      0x08006fa9   Thumb Code    26  stm32f10x_tim.o(.text)
    TIM_SetIC1Prescaler                      0x08007045   Thumb Code    18  stm32f10x_tim.o(.text)
    TIM_ICInit                               0x080070c3   Thumb Code   150  stm32f10x_tim.o(.text)
    TIM_PWMIConfig                           0x08007159   Thumb Code   124  stm32f10x_tim.o(.text)
    TIM_BDTRConfig                           0x080071d5   Thumb Code    32  stm32f10x_tim.o(.text)
    TIM_TimeBaseStructInit                   0x080071f5   Thumb Code    18  stm32f10x_tim.o(.text)
    TIM_OCStructInit                         0x08007207   Thumb Code    20  stm32f10x_tim.o(.text)
    TIM_ICStructInit                         0x0800721b   Thumb Code    18  stm32f10x_tim.o(.text)
    TIM_BDTRStructInit                       0x0800722d   Thumb Code    40  stm32f10x_tim.o(.text)
    TIM_Cmd                                  0x08007255   Thumb Code    24  stm32f10x_tim.o(.text)
    TIM_CtrlPWMOutputs                       0x0800726d   Thumb Code    30  stm32f10x_tim.o(.text)
    TIM_ITConfig                             0x0800728b   Thumb Code    18  stm32f10x_tim.o(.text)
    TIM_GenerateEvent                        0x0800729d   Thumb Code     4  stm32f10x_tim.o(.text)
    TIM_DMAConfig                            0x080072a1   Thumb Code    10  stm32f10x_tim.o(.text)
    TIM_DMACmd                               0x080072ab   Thumb Code    18  stm32f10x_tim.o(.text)
    TIM_InternalClockConfig                  0x080072bd   Thumb Code    12  stm32f10x_tim.o(.text)
    TIM_SelectInputTrigger                   0x080072c9   Thumb Code    18  stm32f10x_tim.o(.text)
    TIM_ITRxExternalClockConfig              0x080072db   Thumb Code    24  stm32f10x_tim.o(.text)
    TIM_TIxExternalClockConfig               0x080072f3   Thumb Code    62  stm32f10x_tim.o(.text)
    TIM_ETRConfig                            0x08007331   Thumb Code    28  stm32f10x_tim.o(.text)
    TIM_ETRClockMode1Config                  0x0800734d   Thumb Code    54  stm32f10x_tim.o(.text)
    TIM_ETRClockMode2Config                  0x08007383   Thumb Code    32  stm32f10x_tim.o(.text)
    TIM_PrescalerConfig                      0x080073a3   Thumb Code     6  stm32f10x_tim.o(.text)
    TIM_CounterModeConfig                    0x080073a9   Thumb Code    18  stm32f10x_tim.o(.text)
    TIM_EncoderInterfaceConfig               0x080073bb   Thumb Code    66  stm32f10x_tim.o(.text)
    TIM_ForcedOC1Config                      0x080073fd   Thumb Code    18  stm32f10x_tim.o(.text)
    TIM_ForcedOC2Config                      0x0800740f   Thumb Code    26  stm32f10x_tim.o(.text)
    TIM_ForcedOC3Config                      0x08007429   Thumb Code    18  stm32f10x_tim.o(.text)
    TIM_ForcedOC4Config                      0x0800743b   Thumb Code    26  stm32f10x_tim.o(.text)
    TIM_ARRPreloadConfig                     0x08007455   Thumb Code    24  stm32f10x_tim.o(.text)
    TIM_SelectCOM                            0x0800746d   Thumb Code    24  stm32f10x_tim.o(.text)
    TIM_SelectCCDMA                          0x08007485   Thumb Code    24  stm32f10x_tim.o(.text)
    TIM_CCPreloadControl                     0x0800749d   Thumb Code    24  stm32f10x_tim.o(.text)
    TIM_OC1PreloadConfig                     0x080074b5   Thumb Code    18  stm32f10x_tim.o(.text)
    TIM_OC2PreloadConfig                     0x080074c7   Thumb Code    26  stm32f10x_tim.o(.text)
    TIM_OC3PreloadConfig                     0x080074e1   Thumb Code    18  stm32f10x_tim.o(.text)
    TIM_OC4PreloadConfig                     0x080074f3   Thumb Code    26  stm32f10x_tim.o(.text)
    TIM_OC1FastConfig                        0x0800750d   Thumb Code    18  stm32f10x_tim.o(.text)
    TIM_OC2FastConfig                        0x0800751f   Thumb Code    26  stm32f10x_tim.o(.text)
    TIM_OC3FastConfig                        0x08007539   Thumb Code    18  stm32f10x_tim.o(.text)
    TIM_OC4FastConfig                        0x0800754b   Thumb Code    26  stm32f10x_tim.o(.text)
    TIM_ClearOC1Ref                          0x08007565   Thumb Code    18  stm32f10x_tim.o(.text)
    TIM_ClearOC2Ref                          0x08007577   Thumb Code    24  stm32f10x_tim.o(.text)
    TIM_ClearOC3Ref                          0x0800758f   Thumb Code    18  stm32f10x_tim.o(.text)
    TIM_ClearOC4Ref                          0x080075a1   Thumb Code    24  stm32f10x_tim.o(.text)
    TIM_OC1PolarityConfig                    0x080075b9   Thumb Code    18  stm32f10x_tim.o(.text)
    TIM_OC1NPolarityConfig                   0x080075cb   Thumb Code    18  stm32f10x_tim.o(.text)
    TIM_OC2PolarityConfig                    0x080075dd   Thumb Code    26  stm32f10x_tim.o(.text)
    TIM_OC2NPolarityConfig                   0x080075f7   Thumb Code    26  stm32f10x_tim.o(.text)
    TIM_OC3PolarityConfig                    0x08007611   Thumb Code    26  stm32f10x_tim.o(.text)
    TIM_OC3NPolarityConfig                   0x0800762b   Thumb Code    26  stm32f10x_tim.o(.text)
    TIM_OC4PolarityConfig                    0x08007645   Thumb Code    26  stm32f10x_tim.o(.text)
    TIM_CCxCmd                               0x0800765f   Thumb Code    30  stm32f10x_tim.o(.text)
    TIM_CCxNCmd                              0x0800767d   Thumb Code    30  stm32f10x_tim.o(.text)
    TIM_SelectOCxM                           0x0800769b   Thumb Code    82  stm32f10x_tim.o(.text)
    TIM_UpdateDisableConfig                  0x080076ed   Thumb Code    24  stm32f10x_tim.o(.text)
    TIM_UpdateRequestConfig                  0x08007705   Thumb Code    24  stm32f10x_tim.o(.text)
    TIM_SelectHallSensor                     0x0800771d   Thumb Code    24  stm32f10x_tim.o(.text)
    TIM_SelectOnePulseMode                   0x08007735   Thumb Code    18  stm32f10x_tim.o(.text)
    TIM_SelectOutputTrigger                  0x08007747   Thumb Code    18  stm32f10x_tim.o(.text)
    TIM_SelectSlaveMode                      0x08007759   Thumb Code    18  stm32f10x_tim.o(.text)
    TIM_SelectMasterSlaveMode                0x0800776b   Thumb Code    18  stm32f10x_tim.o(.text)
    TIM_SetCounter                           0x0800777d   Thumb Code     4  stm32f10x_tim.o(.text)
    TIM_SetAutoreload                        0x08007781   Thumb Code     4  stm32f10x_tim.o(.text)
    TIM_SetCompare1                          0x08007785   Thumb Code     4  stm32f10x_tim.o(.text)
    TIM_SetCompare2                          0x08007789   Thumb Code     4  stm32f10x_tim.o(.text)
    TIM_SetCompare3                          0x0800778d   Thumb Code     4  stm32f10x_tim.o(.text)
    TIM_SetCompare4                          0x08007791   Thumb Code     6  stm32f10x_tim.o(.text)
    TIM_SetClockDivision                     0x08007797   Thumb Code    18  stm32f10x_tim.o(.text)
    TIM_GetCapture1                          0x080077a9   Thumb Code     6  stm32f10x_tim.o(.text)
    TIM_GetCapture2                          0x080077af   Thumb Code     6  stm32f10x_tim.o(.text)
    TIM_GetCapture3                          0x080077b5   Thumb Code     6  stm32f10x_tim.o(.text)
    TIM_GetCapture4                          0x080077bb   Thumb Code     8  stm32f10x_tim.o(.text)
    TIM_GetCounter                           0x080077c3   Thumb Code     6  stm32f10x_tim.o(.text)
    TIM_GetPrescaler                         0x080077c9   Thumb Code     6  stm32f10x_tim.o(.text)
    TIM_GetFlagStatus                        0x080077cf   Thumb Code    18  stm32f10x_tim.o(.text)
    TIM_ClearFlag                            0x080077e1   Thumb Code     6  stm32f10x_tim.o(.text)
    TIM_GetITStatus                          0x080077e7   Thumb Code    34  stm32f10x_tim.o(.text)
    TIM_ClearITPendingBit                    0x08007809   Thumb Code     6  stm32f10x_tim.o(.text)
    __use_no_semihosting                     0x0800780f   Thumb Code     2  use_no_semi_2.o(.text)
    __2printf                                0x08007811   Thumb Code    20  noretval__2printf.o(.text)
    __2sprintf                               0x08007829   Thumb Code    34  noretval__2sprintf.o(.text)
    _printf_pre_padding                      0x08007851   Thumb Code    44  _printf_pad.o(.text)
    _printf_post_padding                     0x0800787d   Thumb Code    34  _printf_pad.o(.text)
    _printf_int_hex                          0x080078a1   Thumb Code    84  _printf_hex_int.o(.text)
    _printf_longlong_hex                     0x080078a1   Thumb Code     0  _printf_hex_int.o(.text)
    __printf                                 0x080078f9   Thumb Code   308  __printf_flags_wp.o(.text)
    __use_two_region_memory                  0x08007a31   Thumb Code     2  heapauxi.o(.text)
    __rt_heap_escrow$2region                 0x08007a33   Thumb Code     2  heapauxi.o(.text)
    __rt_heap_expand$2region                 0x08007a35   Thumb Code     2  heapauxi.o(.text)
    __I$use$semihosting                      0x08007a37   Thumb Code     0  use_no_semi.o(.text)
    __use_no_semihosting_swi                 0x08007a37   Thumb Code     2  use_no_semi.o(.text)
    _printf_int_common                       0x08007a39   Thumb Code   178  _printf_intcommon.o(.text)
    _printf_char_common                      0x08007af7   Thumb Code    32  _printf_char_common.o(.text)
    _sputc                                   0x08007b1d   Thumb Code    10  _sputc.o(.text)
    _printf_char_file                        0x08007b29   Thumb Code    32  _printf_char_file.o(.text)
    ferror                                   0x08007b4d   Thumb Code     8  ferror.o(.text)
    __user_setup_stackheap                   0x08007b55   Thumb Code    74  sys_stackheap_outer.o(.text)
    exit                                     0x08007b9f   Thumb Code    12  exit.o(.text)
    __user_libspace                          0x08007bad   Thumb Code     8  libspace.o(.text)
    __user_perproc_libspace                  0x08007bad   Thumb Code     0  libspace.o(.text)
    __user_perthread_libspace                0x08007bad   Thumb Code     0  libspace.o(.text)
    _is_digit                                0x08007bb5   Thumb Code    14  __printf_wp.o(i._is_digit)
    __aeabi_d2f                              0x08007bc5   Thumb Code     0  d2f.o(x$fpl$d2f)
    _d2f                                     0x08007bc5   Thumb Code    98  d2f.o(x$fpl$d2f)
    __aeabi_dadd                             0x08007c29   Thumb Code     0  daddsub_clz.o(x$fpl$dadd)
    _dadd                                    0x08007c29   Thumb Code   332  daddsub_clz.o(x$fpl$dadd)
    __aeabi_d2uiz                            0x08007d79   Thumb Code     0  dfixu.o(x$fpl$dfixu)
    _dfixu                                   0x08007d79   Thumb Code    90  dfixu.o(x$fpl$dfixu)
    __aeabi_ui2d                             0x08007dd3   Thumb Code     0  dflt_clz.o(x$fpl$dfltu)
    _dfltu                                   0x08007dd3   Thumb Code    38  dflt_clz.o(x$fpl$dfltu)
    __aeabi_dmul                             0x08007df9   Thumb Code     0  dmul.o(x$fpl$dmul)
    _dmul                                    0x08007df9   Thumb Code   332  dmul.o(x$fpl$dmul)
    __fpl_dnaninf                            0x08007f4d   Thumb Code   156  dnaninf.o(x$fpl$dnaninf)
    __fpl_dretinf                            0x08007fe9   Thumb Code    12  dretinf.o(x$fpl$dretinf)
    __aeabi_dsub                             0x08007ff5   Thumb Code     0  daddsub_clz.o(x$fpl$dsub)
    _dsub                                    0x08007ff5   Thumb Code   464  daddsub_clz.o(x$fpl$dsub)
    __aeabi_f2d                              0x080081c9   Thumb Code     0  f2d.o(x$fpl$f2d)
    _f2d                                     0x080081c9   Thumb Code    86  f2d.o(x$fpl$f2d)
    __aeabi_fadd                             0x08008221   Thumb Code     0  faddsub_clz.o(x$fpl$fadd)
    _fadd                                    0x08008221   Thumb Code   196  faddsub_clz.o(x$fpl$fadd)
    __fpl_fcmp_Inf                           0x080082e5   Thumb Code    24  fcmpi.o(x$fpl$fcmpinf)
    __aeabi_fdiv                             0x080082fd   Thumb Code     0  fdiv.o(x$fpl$fdiv)
    _fdiv                                    0x080082fd   Thumb Code   384  fdiv.o(x$fpl$fdiv)
    __aeabi_cfcmpeq                          0x08008481   Thumb Code     0  feqf.o(x$fpl$feqf)
    _fcmpeq                                  0x08008481   Thumb Code   104  feqf.o(x$fpl$feqf)
    __aeabi_f2iz                             0x080084e9   Thumb Code     0  ffix.o(x$fpl$ffix)
    _ffix                                    0x080084e9   Thumb Code    54  ffix.o(x$fpl$ffix)
    __aeabi_cfcmple                          0x08008521   Thumb Code     0  fleqf.o(x$fpl$fleqf)
    _fcmple                                  0x08008521   Thumb Code   104  fleqf.o(x$fpl$fleqf)
    __fpl_fcmple_InfNaN                      0x08008573   Thumb Code     0  fleqf.o(x$fpl$fleqf)
    __aeabi_fmul                             0x08008589   Thumb Code     0  fmul.o(x$fpl$fmul)
    _fmul                                    0x08008589   Thumb Code   258  fmul.o(x$fpl$fmul)
    __fpl_fnaninf                            0x0800868b   Thumb Code   140  fnaninf.o(x$fpl$fnaninf)
    __fpl_fretinf                            0x08008717   Thumb Code    10  fretinf.o(x$fpl$fretinf)
    __aeabi_cfrcmple                         0x08008721   Thumb Code     0  frleqf.o(x$fpl$frleqf)
    _frcmple                                 0x08008721   Thumb Code    98  frleqf.o(x$fpl$frleqf)
    __aeabi_fsub                             0x08008785   Thumb Code     0  faddsub_clz.o(x$fpl$fsub)
    _fsub                                    0x08008785   Thumb Code   234  faddsub_clz.o(x$fpl$fsub)
    __I$use$fp                               0x0800886e   Number         0  usenofp.o(x$fpl$usenofp)
    asc2_1206                                0x0800886e   Data        1140  lcd.o(.constdata)
    asc2_1608                                0x08008ce2   Data        1520  lcd.o(.constdata)
    asc2_2412                                0x080092d2   Data        3420  lcd.o(.constdata)
    Region$$Table$$Base                      0x0800a068   Number         0  anon$$obj.o(Region$$Table)
    Region$$Table$$Limit                     0x0800a088   Number         0  anon$$obj.o(Region$$Table)
    linear_vel_rec                           0x20000000   Data           4  main.o(.data)
    angular_vel_rec                          0x20000004   Data           4  main.o(.data)
    tuolian_state_rec                        0x20000008   Data           4  main.o(.data)
    chuan_vx                                 0x2000000c   Data           4  main.o(.data)
    chuan_vw                                 0x20000010   Data           4  main.o(.data)
    tuolian_state                            0x20000014   Data           1  main.o(.data)
    SystemCoreClock                          0x20000018   Data           4  system_stm32f10x.o(.data)
    AHBPrescTable                            0x2000001c   Data          16  system_stm32f10x.o(.data)
    POINT_COLOR                              0x2000002c   Data           2  lcd.o(.data)
    BACK_COLOR                               0x2000002e   Data           2  lcd.o(.data)
    length                                   0x20000030   Data           4  timer.o(.data)
    motor_left_vel                           0x20000034   Data           4  timer.o(.data)
    motor_right_vel                          0x20000038   Data           4  timer.o(.data)
    pwm_count_left                           0x2000003c   Data           4  timer.o(.data)
    pwm_count_right                          0x20000040   Data           4  timer.o(.data)
    i                                        0x20000044   Data           2  timer.o(.data)
    __stdout                                 0x2000004c   Data           4  usart.o(.data)
    USART_RX_STA                             0x20000050   Data           2  usart.o(.data)
    lcddev                                   0x20000068   Data          14  lcd.o(.bss)
    USART_RX_BUF                             0x20000076   Data         200  usart.o(.bss)
    __libspace_start                         0x20000140   Data          96  libspace.o(.bss)
    __temporary_stack_top$libspace           0x200001a0   Data           0  libspace.o(.bss)



==============================================================================

Memory Map of the image

  Image Entry point : 0x08000131

  Load Region LR_IROM1 (Base: 0x08000000, Size: 0x0000a0f0, Max: 0x00080000, ABSOLUTE)

    Execution Region ER_IROM1 (Base: 0x08000000, Size: 0x0000a088, Max: 0x00080000, ABSOLUTE)

    Base Addr    Size         Type   Attr      Idx    E Section Name        Object

    0x08000000   0x00000130   Data   RO          327    RESET               startup_stm32f10x_hd.o
    0x08000130   0x00000008   Code   RO          467  * !!!main             c_w.l(__main.o)
    0x08000138   0x00000034   Code   RO          691    !!!scatter          c_w.l(__scatter.o)
    0x0800016c   0x0000001a   Code   RO          693    !!handler_copy      c_w.l(__scatter_copy.o)
    0x08000186   0x00000002   PAD
    0x08000188   0x0000001c   Code   RO          695    !!handler_zi        c_w.l(__scatter_zi.o)
    0x080001a4   0x00000000   Code   RO          464    .ARM.Collect$$_printf_percent$$00000000  c_w.l(_printf_percent.o)
    0x080001a4   0x00000006   Code   RO          463    .ARM.Collect$$_printf_percent$$0000000C  c_w.l(_printf_x.o)
    0x080001aa   0x00000004   Code   RO          524    .ARM.Collect$$_printf_percent$$00000017  c_w.l(_printf_percent_end.o)
    0x080001ae   0x00000002   Code   RO          566    .ARM.Collect$$libinit$$00000000  c_w.l(libinit.o)
    0x080001b0   0x00000000   Code   RO          573    .ARM.Collect$$libinit$$00000002  c_w.l(libinit2.o)
    0x080001b0   0x00000000   Code   RO          575    .ARM.Collect$$libinit$$00000004  c_w.l(libinit2.o)
    0x080001b0   0x00000000   Code   RO          578    .ARM.Collect$$libinit$$0000000A  c_w.l(libinit2.o)
    0x080001b0   0x00000000   Code   RO          580    .ARM.Collect$$libinit$$0000000C  c_w.l(libinit2.o)
    0x080001b0   0x00000000   Code   RO          582    .ARM.Collect$$libinit$$0000000E  c_w.l(libinit2.o)
    0x080001b0   0x00000000   Code   RO          585    .ARM.Collect$$libinit$$00000011  c_w.l(libinit2.o)
    0x080001b0   0x00000000   Code   RO          587    .ARM.Collect$$libinit$$00000013  c_w.l(libinit2.o)
    0x080001b0   0x00000000   Code   RO          589    .ARM.Collect$$libinit$$00000015  c_w.l(libinit2.o)
    0x080001b0   0x00000000   Code   RO          591    .ARM.Collect$$libinit$$00000017  c_w.l(libinit2.o)
    0x080001b0   0x00000000   Code   RO          593    .ARM.Collect$$libinit$$00000019  c_w.l(libinit2.o)
    0x080001b0   0x00000000   Code   RO          595    .ARM.Collect$$libinit$$0000001B  c_w.l(libinit2.o)
    0x080001b0   0x00000000   Code   RO          597    .ARM.Collect$$libinit$$0000001D  c_w.l(libinit2.o)
    0x080001b0   0x00000000   Code   RO          599    .ARM.Collect$$libinit$$0000001F  c_w.l(libinit2.o)
    0x080001b0   0x00000000   Code   RO          601    .ARM.Collect$$libinit$$00000021  c_w.l(libinit2.o)
    0x080001b0   0x00000000   Code   RO          603    .ARM.Collect$$libinit$$00000023  c_w.l(libinit2.o)
    0x080001b0   0x00000000   Code   RO          605    .ARM.Collect$$libinit$$00000025  c_w.l(libinit2.o)
    0x080001b0   0x00000000   Code   RO          609    .ARM.Collect$$libinit$$0000002C  c_w.l(libinit2.o)
    0x080001b0   0x00000000   Code   RO          611    .ARM.Collect$$libinit$$0000002E  c_w.l(libinit2.o)
    0x080001b0   0x00000000   Code   RO          613    .ARM.Collect$$libinit$$00000030  c_w.l(libinit2.o)
    0x080001b0   0x00000000   Code   RO          615    .ARM.Collect$$libinit$$00000032  c_w.l(libinit2.o)
    0x080001b0   0x00000002   Code   RO          616    .ARM.Collect$$libinit$$00000033  c_w.l(libinit2.o)
    0x080001b2   0x00000002   Code   RO          634    .ARM.Collect$$libshutdown$$00000000  c_w.l(libshutdown.o)
    0x080001b4   0x00000000   Code   RO          645    .ARM.Collect$$libshutdown$$00000003  c_w.l(libshutdown2.o)
    0x080001b4   0x00000000   Code   RO          648    .ARM.Collect$$libshutdown$$00000006  c_w.l(libshutdown2.o)
    0x080001b4   0x00000000   Code   RO          651    .ARM.Collect$$libshutdown$$00000009  c_w.l(libshutdown2.o)
    0x080001b4   0x00000000   Code   RO          653    .ARM.Collect$$libshutdown$$0000000B  c_w.l(libshutdown2.o)
    0x080001b4   0x00000000   Code   RO          656    .ARM.Collect$$libshutdown$$0000000E  c_w.l(libshutdown2.o)
    0x080001b4   0x00000002   Code   RO          657    .ARM.Collect$$libshutdown$$0000000F  c_w.l(libshutdown2.o)
    0x080001b6   0x00000000   Code   RO          515    .ARM.Collect$$rtentry$$00000000  c_w.l(__rtentry.o)
    0x080001b6   0x00000000   Code   RO          537    .ARM.Collect$$rtentry$$00000002  c_w.l(__rtentry2.o)
    0x080001b6   0x00000006   Code   RO          549    .ARM.Collect$$rtentry$$00000004  c_w.l(__rtentry4.o)
    0x080001bc   0x00000000   Code   RO          539    .ARM.Collect$$rtentry$$00000009  c_w.l(__rtentry2.o)
    0x080001bc   0x00000004   Code   RO          540    .ARM.Collect$$rtentry$$0000000A  c_w.l(__rtentry2.o)
    0x080001c0   0x00000000   Code   RO          542    .ARM.Collect$$rtentry$$0000000C  c_w.l(__rtentry2.o)
    0x080001c0   0x00000008   Code   RO          543    .ARM.Collect$$rtentry$$0000000D  c_w.l(__rtentry2.o)
    0x080001c8   0x00000002   Code   RO          570    .ARM.Collect$$rtexit$$00000000  c_w.l(rtexit.o)
    0x080001ca   0x00000000   Code   RO          618    .ARM.Collect$$rtexit$$00000002  c_w.l(rtexit2.o)
    0x080001ca   0x00000004   Code   RO          619    .ARM.Collect$$rtexit$$00000003  c_w.l(rtexit2.o)
    0x080001ce   0x00000006   Code   RO          620    .ARM.Collect$$rtexit$$00000004  c_w.l(rtexit2.o)
    0x080001d4   0x000002d8   Code   RO            1    .text               main.o
    0x080004ac   0x0000001a   Code   RO          134    .text               stm32f10x_it.o
    0x080004c6   0x00000002   PAD
    0x080004c8   0x000001e0   Code   RO          175    .text               system_stm32f10x.o
    0x080006a8   0x0000004c   Code   RO          193    .text               led.o
    0x080006f4   0x00004ab4   Code   RO          218    .text               lcd.o
    0x080051a8   0x00000408   Code   RO          241    .text               timer.o
    0x080055b0   0x000000d4   Code   RO          261    .text               delay.o
    0x08005684   0x00000140   Code   RO          292    .text               usart.o
    0x080057c4   0x00000040   Code   RO          328    .text               startup_stm32f10x_hd.o
    0x08005804   0x000000dc   Code   RO          332    .text               misc.o
    0x080058e0   0x0000060c   Code   RO          344    .text               stm32f10x_fsmc.o
    0x08005eec   0x0000035c   Code   RO          356    .text               stm32f10x_gpio.o
    0x08006248   0x000003a4   Code   RO          368    .text               stm32f10x_rcc.o
    0x080065ec   0x00000408   Code   RO          382    .text               stm32f10x_usart.o
    0x080069f4   0x00000e1a   Code   RO          394    .text               stm32f10x_tim.o
    0x0800780e   0x00000002   Code   RO          408    .text               c_w.l(use_no_semi_2.o)
    0x08007810   0x00000018   Code   RO          414    .text               c_w.l(noretval__2printf.o)
    0x08007828   0x00000028   Code   RO          416    .text               c_w.l(noretval__2sprintf.o)
    0x08007850   0x0000004e   Code   RO          420    .text               c_w.l(_printf_pad.o)
    0x0800789e   0x00000002   PAD
    0x080078a0   0x00000058   Code   RO          425    .text               c_w.l(_printf_hex_int.o)
    0x080078f8   0x00000138   Code   RO          455    .text               c_w.l(__printf_flags_wp.o)
    0x08007a30   0x00000006   Code   RO          465    .text               c_w.l(heapauxi.o)
    0x08007a36   0x00000002   Code   RO          513    .text               c_w.l(use_no_semi.o)
    0x08007a38   0x000000b2   Code   RO          516    .text               c_w.l(_printf_intcommon.o)
    0x08007aea   0x00000002   PAD
    0x08007aec   0x00000030   Code   RO          518    .text               c_w.l(_printf_char_common.o)
    0x08007b1c   0x0000000a   Code   RO          520    .text               c_w.l(_sputc.o)
    0x08007b26   0x00000002   PAD
    0x08007b28   0x00000024   Code   RO          522    .text               c_w.l(_printf_char_file.o)
    0x08007b4c   0x00000008   Code   RO          553    .text               c_w.l(ferror.o)
    0x08007b54   0x0000004a   Code   RO          557    .text               c_w.l(sys_stackheap_outer.o)
    0x08007b9e   0x0000000c   Code   RO          559    .text               c_w.l(exit.o)
    0x08007baa   0x00000002   PAD
    0x08007bac   0x00000008   Code   RO          567    .text               c_w.l(libspace.o)
    0x08007bb4   0x0000000e   Code   RO          453    i._is_digit         c_w.l(__printf_wp.o)
    0x08007bc2   0x00000002   PAD
    0x08007bc4   0x00000062   Code   RO          469    x$fpl$d2f           fz_ws.l(d2f.o)
    0x08007c26   0x00000002   PAD
    0x08007c28   0x00000150   Code   RO          471    x$fpl$dadd          fz_ws.l(daddsub_clz.o)
    0x08007d78   0x0000005a   Code   RO          477    x$fpl$dfixu         fz_ws.l(dfixu.o)
    0x08007dd2   0x00000026   Code   RO          481    x$fpl$dfltu         fz_ws.l(dflt_clz.o)
    0x08007df8   0x00000154   Code   RO          487    x$fpl$dmul          fz_ws.l(dmul.o)
    0x08007f4c   0x0000009c   Code   RO          525    x$fpl$dnaninf       fz_ws.l(dnaninf.o)
    0x08007fe8   0x0000000c   Code   RO          527    x$fpl$dretinf       fz_ws.l(dretinf.o)
    0x08007ff4   0x000001d4   Code   RO          473    x$fpl$dsub          fz_ws.l(daddsub_clz.o)
    0x080081c8   0x00000056   Code   RO          489    x$fpl$f2d           fz_ws.l(f2d.o)
    0x0800821e   0x00000002   PAD
    0x08008220   0x000000c4   Code   RO          491    x$fpl$fadd          fz_ws.l(faddsub_clz.o)
    0x080082e4   0x00000018   Code   RO          529    x$fpl$fcmpinf       fz_ws.l(fcmpi.o)
    0x080082fc   0x00000184   Code   RO          498    x$fpl$fdiv          fz_ws.l(fdiv.o)
    0x08008480   0x00000068   Code   RO          501    x$fpl$feqf          fz_ws.l(feqf.o)
    0x080084e8   0x00000036   Code   RO          503    x$fpl$ffix          fz_ws.l(ffix.o)
    0x0800851e   0x00000002   PAD
    0x08008520   0x00000068   Code   RO          507    x$fpl$fleqf         fz_ws.l(fleqf.o)
    0x08008588   0x00000102   Code   RO          509    x$fpl$fmul          fz_ws.l(fmul.o)
    0x0800868a   0x0000008c   Code   RO          531    x$fpl$fnaninf       fz_ws.l(fnaninf.o)
    0x08008716   0x0000000a   Code   RO          533    x$fpl$fretinf       fz_ws.l(fretinf.o)
    0x08008720   0x00000062   Code   RO          511    x$fpl$frleqf        fz_ws.l(frleqf.o)
    0x08008782   0x00000002   PAD
    0x08008784   0x000000ea   Code   RO          493    x$fpl$fsub          fz_ws.l(faddsub_clz.o)
    0x0800886e   0x00000000   Code   RO          535    x$fpl$usenofp       fz_ws.l(usenofp.o)
    0x0800886e   0x000017c0   Data   RO          220    .constdata          lcd.o
    0x0800a02e   0x00000028   Data   RO          426    .constdata          c_w.l(_printf_hex_int.o)
    0x0800a056   0x00000011   Data   RO          456    .constdata          c_w.l(__printf_flags_wp.o)
    0x0800a067   0x00000001   PAD
    0x0800a068   0x00000020   Data   RO          689    Region$$Table       anon$$obj.o


    Execution Region RW_IRAM1 (Base: 0x20000000, Size: 0x000007a0, Max: 0x00010000, ABSOLUTE)

    Base Addr    Size         Type   Attr      Idx    E Section Name        Object

    0x20000000   0x00000015   Data   RW            2    .data               main.o
    0x20000015   0x00000003   PAD
    0x20000018   0x00000014   Data   RW          176    .data               system_stm32f10x.o
    0x2000002c   0x00000004   Data   RW          221    .data               lcd.o
    0x20000030   0x00000016   Data   RW          242    .data               timer.o
    0x20000046   0x00000004   Data   RW          262    .data               delay.o
    0x2000004a   0x00000002   PAD
    0x2000004c   0x00000006   Data   RW          294    .data               usart.o
    0x20000052   0x00000014   Data   RW          369    .data               stm32f10x_rcc.o
    0x20000066   0x00000002   PAD
    0x20000068   0x0000000e   Zero   RW          219    .bss                lcd.o
    0x20000076   0x000000c8   Zero   RW          293    .bss                usart.o
    0x2000013e   0x00000002   PAD
    0x20000140   0x00000060   Zero   RW          568    .bss                c_w.l(libspace.o)
    0x200001a0   0x00000200   Zero   RW          326    HEAP                startup_stm32f10x_hd.o
    0x200003a0   0x00000400   Zero   RW          325    STACK               startup_stm32f10x_hd.o


==============================================================================

Image component sizes


      Code (inc. data)   RO Data    RW Data    ZI Data      Debug   Object Name

       212         18          0          4          0       1031   delay.o
     19124        166       6080          4         14      22103   lcd.o
        76          8          0          0          0        499   led.o
       728        226          0         21          0     262374   main.o
       220         22          0          0          0       1809   misc.o
        64         26        304          0       1536        804   startup_stm32f10x_hd.o
      1548         18          0          0          0       5351   stm32f10x_fsmc.o
       860         38          0          0          0       5653   stm32f10x_gpio.o
        26          0          0          0          0       1182   stm32f10x_it.o
       932         36          0         20          0       8824   stm32f10x_rcc.o
      3610         88          0          0          0      22136   stm32f10x_tim.o
      1032         22          0          0          0       8376   stm32f10x_usart.o
         0          0          0          0          0         32   sys.o
       480         38          0         20          0       1751   system_stm32f10x.o
      1032         72          0         22          0       2480   timer.o
       320         16          0          6        200       3162   usart.o

    ----------------------------------------------------------------------
     30266        794       6416        104       1752     347567   Object Totals
         0          0         32          0          0          0   (incl. Generated)
         2          0          0          7          2          0   (incl. Padding)

    ----------------------------------------------------------------------

      Code (inc. data)   RO Data    RW Data    ZI Data      Debug   Library Member Name

         8          0          0          0          0         68   __main.o
       312          4         17          0          0         92   __printf_flags_wp.o
        14          0          0          0          0         68   __printf_wp.o
         0          0          0          0          0          0   __rtentry.o
        12          0          0          0          0          0   __rtentry2.o
         6          0          0          0          0          0   __rtentry4.o
        52          8          0          0          0          0   __scatter.o
        26          0          0          0          0          0   __scatter_copy.o
        28          0          0          0          0          0   __scatter_zi.o
        48          6          0          0          0         96   _printf_char_common.o
        36          4          0          0          0         80   _printf_char_file.o
        88          4         40          0          0         88   _printf_hex_int.o
       178          0          0          0          0         88   _printf_intcommon.o
        78          0          0          0          0        108   _printf_pad.o
         0          0          0          0          0          0   _printf_percent.o
         4          0          0          0          0          0   _printf_percent_end.o
         6          0          0          0          0          0   _printf_x.o
        10          0          0          0          0         68   _sputc.o
        12          0          0          0          0         72   exit.o
         8          0          0          0          0         68   ferror.o
         6          0          0          0          0        152   heapauxi.o
         2          0          0          0          0          0   libinit.o
         2          0          0          0          0          0   libinit2.o
         2          0          0          0          0          0   libshutdown.o
         2          0          0          0          0          0   libshutdown2.o
         8          4          0          0         96         68   libspace.o
        24          4          0          0          0         84   noretval__2printf.o
        40          6          0          0          0         84   noretval__2sprintf.o
         2          0          0          0          0          0   rtexit.o
        10          0          0          0          0          0   rtexit2.o
        74          0          0          0          0         80   sys_stackheap_outer.o
         2          0          0          0          0         68   use_no_semi.o
         2          0          0          0          0         68   use_no_semi_2.o
        98          4          0          0          0         92   d2f.o
       804         16          0          0          0        272   daddsub_clz.o
        90          4          0          0          0         92   dfixu.o
        38          0          0          0          0         68   dflt_clz.o
       340         12          0          0          0        104   dmul.o
       156          4          0          0          0         92   dnaninf.o
        12          0          0          0          0         68   dretinf.o
        86          4          0          0          0         84   f2d.o
       430          8          0          0          0        168   faddsub_clz.o
        24          0          0          0          0         68   fcmpi.o
       388         76          0          0          0         96   fdiv.o
       104          4          0          0          0         84   feqf.o
        54          4          0          0          0         84   ffix.o
       104          4          0          0          0         84   fleqf.o
       258          4          0          0          0         84   fmul.o
       140          4          0          0          0         84   fnaninf.o
        10          0          0          0          0         68   fretinf.o
        98          0          0          0          0         68   frleqf.o
         0          0          0          0          0          0   usenofp.o

    ----------------------------------------------------------------------
      4356        188         58          0         96       3260   Library Totals
        20          0          1          0          0          0   (incl. Padding)

    ----------------------------------------------------------------------

      Code (inc. data)   RO Data    RW Data    ZI Data      Debug   Library Name

      1102         40         57          0         96       1500   c_w.l
      3234        148          0          0          0       1760   fz_ws.l

    ----------------------------------------------------------------------
      4356        188         58          0         96       3260   Library Totals

    ----------------------------------------------------------------------

==============================================================================


      Code (inc. data)   RO Data    RW Data    ZI Data      Debug   

     34622        982       6474        104       1848     347755   Grand Totals
     34622        982       6474        104       1848     347755   ELF Image Totals
     34622        982       6474        104          0          0   ROM Totals

==============================================================================

    Total RO  Size (Code + RO Data)                41096 (  40.13kB)
    Total RW  Size (RW Data + ZI Data)              1952 (   1.91kB)
    Total ROM Size (Code + RO Data + RW Data)      41200 (  40.23kB)

==============================================================================

